Archive member included to satisfy reference by file (symbol)

/opt/devkitpro/libnds/lib/libfat.a(libfat.o)
                              main.o (fatInitDefault)
/opt/devkitpro/libnds/lib/libfat.a(disc.o)
                              /opt/devkitpro/libnds/lib/libfat.a(libfat.o) (_FAT_disc_interfaces)
/opt/devkitpro/libnds/lib/libfat.a(fatfile.o)
                              /opt/devkitpro/libnds/lib/libfat.a(libfat.o) (_FAT_open_r)
/opt/devkitpro/libnds/lib/libfat.a(cache.o)
                              /opt/devkitpro/libnds/lib/libfat.a(fatfile.o) (_FAT_cache_readSectors)
/opt/devkitpro/libnds/lib/libfat.a(fatdir.o)
                              /opt/devkitpro/libnds/lib/libfat.a(libfat.o) (_FAT_stat_r)
/opt/devkitpro/libnds/lib/libfat.a(directory.o)
                              /opt/devkitpro/libnds/lib/libfat.a(fatfile.o) (_FAT_directory_entryGetCluster)
/opt/devkitpro/libnds/lib/libfat.a(partition.o)
                              /opt/devkitpro/libnds/lib/libfat.a(libfat.o) (_FAT_partition_destructor)
/opt/devkitpro/libnds/lib/libfat.a(lock.o)
                              /opt/devkitpro/libnds/lib/libfat.a(partition.o) (_FAT_lock_init)
/opt/devkitpro/libnds/lib/libfat.a(filetime.o)
                              /opt/devkitpro/libnds/lib/libfat.a(fatfile.o) (_FAT_filetime_getTimeFromRTC)
/opt/devkitpro/libnds/lib/libfat.a(file_allocation_table.o)
                              /opt/devkitpro/libnds/lib/libfat.a(fatfile.o) (_FAT_fat_nextCluster)
/opt/devkitpro/libnds/lib/libnds9.a(touch.o)
                              P_GameLogic.o (touchRead)
/opt/devkitpro/libnds/lib/libnds9.a(sprite_alloc.o)
                              SpriteManager.o (oamAllocateGfx)
/opt/devkitpro/libnds/lib/libnds9.a(console.o)
                              main.o (consoleDemoInit)
/opt/devkitpro/libnds/lib/libnds9.a(videoGL.o)
                              SpriteManager.o (glGlobalData)
/opt/devkitpro/libnds/lib/libnds9.a(sprite.o)
                              SpriteManager.o (oamInit)
/opt/devkitpro/libnds/lib/libnds9.a(keys.o)
                              P_GameLogic.o (scanKeys)
/opt/devkitpro/libnds/lib/libnds9.a(dldi.o)
                              /opt/devkitpro/libnds/lib/libfat.a(disc.o) (dldiGetInternal)
/opt/devkitpro/libnds/lib/libnds9.a(initSystem.o)
                              /opt/devkitpro/devkitARM/bin/../lib/gcc/arm-none-eabi/13.2.0/../../../../arm-none-eabi/lib/ds_arm9_crt0.o (initSystem)
/opt/devkitpro/libnds/lib/libnds9.a(securearea.o)
                              /opt/devkitpro/devkitARM/bin/../lib/gcc/arm-none-eabi/13.2.0/../../../../arm-none-eabi/lib/ds_arm9_crt0.o (__secure_area__)
/opt/devkitpro/libnds/lib/libnds9.a(interrupts.o)
                              P_GameLogic.o (irqSet)
/opt/devkitpro/libnds/lib/libnds9.a(libnds_exit.arm.o)
                              /opt/devkitpro/devkitARM/bin/../lib/gcc/arm-none-eabi/13.2.0/../../../../arm-none-eabi/lib/ds_arm9_crt0.o (__libnds_exit)
/opt/devkitpro/libnds/lib/libnds9.a(fifosystem.o)
                              /opt/devkitpro/libnds/lib/libnds9.a(initSystem.o) (fifoSetValue32Handler)
/opt/devkitpro/libnds/lib/libnds9.a(dcache.o)
                              /opt/devkitpro/libnds/lib/libnds9.a(sprite.o) (DC_FlushRange)
/opt/devkitpro/libnds/lib/libnds9.a(dldi_stub.o)
                              /opt/devkitpro/libnds/lib/libnds9.a(dldi.o) (_io_dldi_stub)
/opt/devkitpro/libnds/lib/libnds9.a(mpu_setup.o)
                              /opt/devkitpro/devkitARM/bin/../lib/gcc/arm-none-eabi/13.2.0/../../../../arm-none-eabi/lib/ds_arm9_crt0.o (__libnds_mpu_setup)
/opt/devkitpro/libnds/lib/libnds9.a(IntrWait.o)
                              P_GameLogic.o (swiWaitForVBlank)
/opt/devkitpro/libnds/lib/libnds9.a(cpu_clock.o)
                              /opt/devkitpro/libnds/lib/libnds9.a(initSystem.o) (setCpuClock)
/opt/devkitpro/libnds/lib/libnds9.a(interruptDispatcher.o)
                              /opt/devkitpro/libnds/lib/libnds9.a(interrupts.o) (IntrMain)
/opt/devkitpro/libnds/lib/libnds9.a(biosCalls.o)
                              SpriteManager.o (swiCopy)
/opt/devkitpro/libnds/lib/libnds9.a(debugprint.o)
                              /opt/devkitpro/libnds/lib/libnds9.a(console.o) (nocashWrite)
/opt/devkitpro/libnds/lib/libnds9.a(swiSoftReset.o)
                              /opt/devkitpro/libnds/lib/libnds9.a(fifosystem.o) (swiSoftReset)
/opt/devkitpro/libnds/lib/libnds9.a(default_font.bin.o)
                              /opt/devkitpro/libnds/lib/libnds9.a(console.o) (default_font_bin)
/opt/devkitpro/libnds/lib/libnds9.a(background.o)
                              /opt/devkitpro/libnds/lib/libnds9.a(console.o) (bgState)
/opt/devkitpro/libnds/lib/libnds9.a(dynamicArray.o)
                              /opt/devkitpro/libnds/lib/libnds9.a(videoGL.o) (DynamicArrayInit)
/opt/devkitpro/libnds/lib/libnds9.a(trig.o)
                              /opt/devkitpro/libnds/lib/libnds9.a(videoGL.o) (sinLerp)
/opt/devkitpro/libnds/lib/libnds9.a(video.o)
[...]
Memory Configuration

Name             Origin             Length             Attributes
ewram            0x02000000         0x00380000
dtcm             0x02ff0000         0x00004000
vectors          0x01000000         0x00000100
itcm             0x01000100         0x00007f00
*default*        0x00000000         0xffffffff

Linker script and memory map

                0x02380000                        __ewram_end = (ORIGIN (ewram) + LENGTH (ewram))
                0x02380000                        __eheap_end = (ORIGIN (ewram) + LENGTH (ewram))
                0x02ff4000                        __dtcm_top = (ORIGIN (dtcm) + LENGTH (dtcm))
                0x02ff3ff8                        __irq_flags = (__dtcm_top - 0x8)
                0x02ff3ffc                        __irq_vector = (__dtcm_top - 0x4)
                0x02ff3f00                        __sp_svc = (__dtcm_top - 0x100)
                0x02ff3e00                        __sp_irq = (__sp_svc - 0x100)
                0x02ff3d00                        __sp_usr = (__sp_irq - 0x100)

.secure         0x02000000      0x800
 *(.secure)
 .secure        0x02000000      0x800 /opt/devkitpro/libnds/lib/libnds9.a(securearea.o)
                0x02000000                __secure_area__

.crt0           0x02000800      0x300
                0x02000800                        __text_start = .
 *(.crt0)
 .crt0          0x02000800      0x300 /opt/devkitpro/devkitARM/bin/../lib/gcc/arm-none-eabi/13.2.0/../../../../arm-none-eabi/lib/ds_arm9_crt0.o
                0x02000800                _start
                0x02000b00                        . = ALIGN (0x4)

.plt
 *(.plt)

.init           0x02000b00       0x18
 *(SORT_NONE(.init))
 .init          0x02000b00        0xc /opt/devkitpro/devkitARM/bin/../lib/gcc/arm-none-eabi/13.2.0/crti.o
                0x02000b00                _init
 .init          0x02000b0c        0xc /opt/devkitpro/devkitARM/bin/../lib/gcc/arm-none-eabi/13.2.0/crtn.o

.text           0x02000b40    0x2b078
 *(EXCLUDE_FILE(*.twl* *.vectors* *.itcm*) .text)
 .text          0x02000b40      0x128 SpriteManager.o
                0x02000b40                configureSprites
                0x02000bc8                updateSprite
 .text          0x02000c68      0x588 P_Score.o
                0x02000c68                updateScore
                0x02000cc4                displayScore
                0x02000e34                displayMaxScore
                0x02000fac                displayFreezeAvailability
                0x02001138                readMaxScore
                0x02001190                writeMaxScore
 .text          0x020011f0      0x4dc P_Map16x16.o
                0x0200125c                P_Map16x16_configureBG2
                0x020012c8                P_Map16x16_configureBG0_Sub
                0x02001398                P_Map16x16_configureBG2_Sub
                0x02001424                P_Map16x16_configureBG0
                0x020014ec                P_Map16x16_configureBG3
                0x0200154c                P_Map16x16_Init
                0x02001598                SetMap16x16To
 .text          0x020016cc     0x1184 P_GameLogic.o
                0x020016cc                Gameplay_Init
                0x02001750                Gameplay_Loop
                0x020019dc                initializeBalls
                0x02001ac8                initializeBombs
                0x02001b78                spawnBall
                0x02001c9c                spawnBomb
                0x02001dc0                clearAllBallsAndBombs
                0x02001fc0                ISR_TIMER0
                0x0200273c                ISR_TIMER1
                0x0200278c                handleFreeze
 .text          0x02002850       0x40 main.o
                0x02002850                main
 .text          0x02002890      0x328 P_GameOver.o
                0x02002890                displayGameOver
                0x02002b48                clearGameOverText
 .text          0x02002bb8      0x29c P_Graphics.o
                0x02002bb8                P_Graphics_setup_main
                0x02002c04                P_Graphics_assignBuffer
                0x02002ca8                FillScreen
                0x02002d48                FillRectangle
 .text          0x02002e54       0x24 P_Initializer.o
                0x02002e54                P_InitNDS
 .text          0x02002e78       0xf4 P_Audio.o
                0x02002e78                Audio_Init
                0x02002eb0                Audio_PlaySoundEX
                0x02002f28                Audio_PlaySound
                0x02002f4c                Audio_PlayMusic
 *fill*         0x02002f6c       0x14 ff
 .text          0x02002f80     0x4000 /opt/devkitpro/libnds/lib/libnds9.a(dldi_stub.o)
                0x02002f80                _io_dldi_stub
 .text          0x02006f80      0x24c /opt/devkitpro/libnds/lib/libmm9.a(mm_comms.o)
                0x02006f80                mmSetupComms
                0x02006fd2                mmSendBank
                0x02006fdc                mmLockChannels
                0x02006fe2                mmUnlockChannels
                0x02006fe8                mmStart
                0x02006ff2                mmPause
                0x02006ff6                mmResume
                0x02006ffa                mmStop
                0x02006ffe                mmPosition
                0x02007002                mmJingle
                0x02007006                mmSetModuleVolume
                0x0200700a                mmSetJingleVolume
                0x0200700e                mmSetModuleTempo
                0x02007012                mmSetModulePitch
                0x02007016                mmSetEffectsVolume
                0x0200701a                mmSelectMode
                0x0200701e                mmStreamBegin
                0x02007032                mmStreamEnd
                0x02007088                mmEffect
                0x020070ac                mmEffectVolume
                0x020070b0                mmEffectPanning
                0x020070b4                mmEffectRate
                0x020070be                mmEffectScaleRate
                0x020070c8                mmEffectRelease
                0x020070ce                mmEffectCancel
                0x020070d4                mmEffectEx
                0x02007112                mmEffectCancelAll
                0x02007116                mmReverbEnable
                0x0200711a                mmReverbDisable
                0x0200711e                mmReverbConfigure
                0x0200717a                mmReverbStart
                0x0200717e                mmReverbStop
 .text          0x020071cc      0x120 /opt/devkitpro/libnds/lib/libmm9.a(mm_memory.o)
                0x020071cc                mmLoad
                0x0200721c                mmUnload
                0x02007274                mmLoadEffect
                0x020072ac                mmUnloadEffect
 .text          0x020072ec      0x108 /opt/devkitpro/libnds/lib/libmm9.a(mm_main9.o)
                0x020072ec                mmActive
                0x020072f2                mmSetEventHandler
                0x020072f8                mmInit
                0x02007322                mmInitDefault
                0x0200736c                mmInitDefaultMem
                0x0200738e                mmSuspendIRQ_t
                0x020073ac                mmRestoreIRQ_t
 .text          0x020073f4      0x100 /opt/devkitpro/libnds/lib/libmm9.a(mm_soundbank.o)
                0x020073f4                mmSoundBankInMemory
                0x020073fc                mmSoundBankInFiles
                0x0200740e                mmSetCustomSoundBankHandler
                0x0200743a                mmsHandleFileOp
 .text          0x020074f4       0x3c /opt/devkitpro/libnds/lib/libmm9.a(mm_flusher.o)
                0x020074f4                mmFlushBank
 .text          0x02007530      0x114 /opt/devkitpro/devkitARM/bin/../lib/gcc/arm-none-eabi/13.2.0/libgcc.a(_udivsi3.o)
                0x02007530                __udivsi3
                0x02007530                __aeabi_uidiv
                0x02007624                __aeabi_uidivmod
 .text          0x02007644      0x148 /opt/devkitpro/devkitARM/bin/../lib/gcc/arm-none-eabi/13.2.0/libgcc.a(_divsi3.o)
                0x02007644                __aeabi_idiv
                0x02007644                __divsi3
                0x0200776c                __aeabi_idivmod
 .text          0x0200778c        0x4 /opt/devkitpro/devkitARM/bin/../lib/gcc/arm-none-eabi/13.2.0/libgcc.a(_dvmd_tls.o)
                0x0200778c                __aeabi_ldiv0
                0x0200778c                __aeabi_idiv0
 .text          0x02007790       0xd4 /opt/devkitpro/devkitARM/bin/../lib/gcc/arm-none-eabi/13.2.0/libgcc.a(_aeabi_ldivmod.o)
                0x02007790                __aeabi_ldivmod
 .text          0x02007864       0x28 /opt/devkitpro/devkitARM/bin/../lib/gcc/arm-none-eabi/13.2.0/libgcc.a(_clzdi2.o)
                0x02007864                __clzdi2
 .text          0x0200788c       0x48 /opt/devkitpro/devkitARM/bin/../lib/gcc/arm-none-eabi/13.2.0/libgcc.a(_clzsi2.o)
                0x0200788c                __clzsi2
 .text          0x020078d4      0x224 /opt/devkitpro/devkitARM/bin/../lib/gcc/arm-none-eabi/13.2.0/../../../../arm-none-eabi/lib/libg.a(libc_a-strcmp.o)
                0x020078d4                strcmp
 .text          0x02007af8      0x424 /opt/devkitpro/devkitARM/bin/../lib/gcc/arm-none-eabi/13.2.0/libgcc.a(_arm_addsubdf3.o)
                0x02007af8                __aeabi_drsub
                0x02007b00                __aeabi_dsub
                0x02007b00                __subdf3
                0x02007b04                __adddf3
                0x02007b04                __aeabi_dadd
                0x02007e14                __aeabi_ui2d
                0x02007e14                __floatunsidf
                0x02007e38                __floatsidf
                0x02007e38                __aeabi_i2d
                0x02007e60                __extendsfdf2
                0x02007e60                __aeabi_f2d
                0x02007ea8                __aeabi_ul2d
                0x02007ea8                __floatundidf
                0x02007ebc                __floatdidf
                0x02007ebc                __aeabi_l2d
 .text          0x02007f1c      0x49c /opt/devkitpro/devkitARM/bin/../lib/gcc/arm-none-eabi/13.2.0/libgcc.a(_arm_muldivdf3.o)
                0x02007f1c                __aeabi_dmul
                0x02007f1c                __muldf3
                0x020081ac                __aeabi_ddiv
                0x020081ac                __divdf3
 .text          0x020083b8      0x144 /opt/devkitpro/devkitARM/bin/../lib/gcc/arm-none-eabi/13.2.0/libgcc.a(_arm_cmpdf2.o)
                0x020083b8                __gtdf2
                0x020083b8                __gedf2
                0x020083c0                __ltdf2
                0x020083c0                __ledf2
                0x020083c8                __cmpdf2
                0x020083c8                __eqdf2
                0x020083c8                __nedf2
                0x02008450                __aeabi_cdrcmple
                0x0200846c                __aeabi_cdcmple
                0x0200846c                __aeabi_cdcmpeq
                0x02008484                __aeabi_dcmpeq
                0x0200849c                __aeabi_dcmplt
                0x020084b4                __aeabi_dcmple
                0x020084cc                __aeabi_dcmpge
                0x020084e4                __aeabi_dcmpgt
 .text          0x020084fc       0x38 /opt/devkitpro/devkitARM/bin/../lib/gcc/arm-none-eabi/13.2.0/libgcc.a(_arm_unorddf2.o)
                0x020084fc                __aeabi_dcmpun
                0x020084fc                __unorddf2
 .text          0x02008534       0x5c /opt/devkitpro/devkitARM/bin/../lib/gcc/arm-none-eabi/13.2.0/libgcc.a(_arm_fixdfsi.o)
                0x02008534                __fixdfsi
                0x02008534                __aeabi_d2iz
 .text          0x02008590       0x54 /opt/devkitpro/devkitARM/bin/../lib/gcc/arm-none-eabi/13.2.0/libgcc.a(_arm_fixunsdfsi.o)
                0x02008590                __fixunsdfsi
                0x02008590                __aeabi_d2uiz
 .text          0x020085e4       0xa0 /opt/devkitpro/devkitARM/bin/../lib/gcc/arm-none-eabi/13.2.0/libgcc.a(_arm_truncdfsf2.o)
                0x020085e4                __aeabi_d2f
                0x020085e4                __truncdfsf2
 .text          0x02008684       0x3c /opt/devkitpro/devkitARM/bin/../lib/gcc/arm-none-eabi/13.2.0/libgcc.a(_aeabi_uldivmod.o)
                0x02008684                __aeabi_uldivmod
 *(EXCLUDE_FILE(*.twl* *.vectors* *.itcm*) .stub)
 *(EXCLUDE_FILE(*.twl* *.vectors* *.itcm*) .text.*)
 .text.__do_global_dtors_aux
                0x020086c0       0x40 /opt/devkitpro/devkitARM/bin/../lib/gcc/arm-none-eabi/13.2.0/crtbegin.o
 .text.frame_dummy
                0x02008700       0x30 /opt/devkitpro/devkitARM/bin/../lib/gcc/arm-none-eabi/13.2.0/crtbegin.o
 .text.fatMount.part.0
                0x02008730       0xa0 /opt/devkitpro/libnds/lib/libfat.a(libfat.o)
 .text.fatMount
                0x020087d0       0x3c /opt/devkitpro/libnds/lib/libfat.a(libfat.o)
                0x020087d0                fatMount
 .text.fatInit  0x0200880c      0x130 /opt/devkitpro/libnds/lib/libfat.a(libfat.o)
                0x0200880c                fatInit
 .text.fatInitDefault
                0x0200893c        0xc /opt/devkitpro/libnds/lib/libfat.a(libfat.o)
                0x0200893c                fatInitDefault
 .text._FAT_check_position_for_next_cluster.part.0
                0x02008948       0x68 /opt/devkitpro/libnds/lib/libfat.a(fatfile.o)
 .text._FAT_syncToDisc.part.0
                0x020089b0       0xd4 /opt/devkitpro/libnds/lib/libfat.a(fatfile.o)
 .text._FAT_file_extend_r
                0x02008a84      0x208 /opt/devkitpro/libnds/lib/libfat.a(fatfile.o)
 .text._FAT_open_r
                0x02008c8c      0x2d4 /opt/devkitpro/libnds/lib/libfat.a(fatfile.o)
                0x02008c8c                _FAT_open_r
 .text._FAT_close_r
                0x02008f60       0x74 /opt/devkitpro/libnds/lib/libfat.a(fatfile.o)
                0x02008f60                _FAT_close_r
 .text._FAT_read_r
                0x02008fd4      0x398 /opt/devkitpro/libnds/lib/libfat.a(fatfile.o)
                0x02008fd4                _FAT_read_r
 .text._FAT_write_r
                0x0200936c      0x53c /opt/devkitpro/libnds/lib/libfat.a(fatfile.o)
                0x0200936c                _FAT_write_r
 .text._FAT_seek_r
                0x020098a8      0x194 /opt/devkitpro/libnds/lib/libfat.a(fatfile.o)
                0x020098a8                _FAT_seek_r
 .text._FAT_fstat_r
                0x02009a3c       0x8c /opt/devkitpro/libnds/lib/libfat.a(fatfile.o)
                0x02009a3c                _FAT_fstat_r
 .text._FAT_ftruncate_r
                0x02009ac8      0x16c /opt/devkitpro/libnds/lib/libfat.a(fatfile.o)
                0x02009ac8                _FAT_ftruncate_r
 .text._FAT_fsync_r
                0x02009c34       0x44 /opt/devkitpro/libnds/lib/libfat.a(fatfile.o)
                0x02009c34                _FAT_fsync_r
 .text._FAT_cache_getPage
                0x02009c78       0xf0 /opt/devkitpro/libnds/lib/libfat.a(cache.o)
 .text._FAT_cache_constructor
                0x02009d68       0x90 /opt/devkitpro/libnds/lib/libfat.a(cache.o)
                0x02009d68                _FAT_cache_constructor
 .text._FAT_cache_readSectors
                0x02009df8       0x60 /opt/devkitpro/libnds/lib/libfat.a(cache.o)
                0x02009df8                _FAT_cache_readSectors
 .text._FAT_cache_readPartialSector
                0x02009e58       0x3c /opt/devkitpro/libnds/lib/libfat.a(cache.o)
                0x02009e58                _FAT_cache_readPartialSector
 .text._FAT_cache_readLittleEndianValue
                0x02009e94       0x70 /opt/devkitpro/libnds/lib/libfat.a(cache.o)
                0x02009e94                _FAT_cache_readLittleEndianValue
 .text._FAT_cache_writePartialSector
                0x02009f04       0x4c /opt/devkitpro/libnds/lib/libfat.a(cache.o)
                0x02009f04                _FAT_cache_writePartialSector
 .text._FAT_cache_writeLittleEndianValue
                0x02009f50       0x8c /opt/devkitpro/libnds/lib/libfat.a(cache.o)
                0x02009f50                _FAT_cache_writeLittleEndianValue
 .text._FAT_cache_eraseWritePartialSector
                0x02009fdc       0x60 /opt/devkitpro/libnds/lib/libfat.a(cache.o)
                0x02009fdc                _FAT_cache_eraseWritePartialSector
 .text._FAT_cache_writeSectors
                0x0200a03c       0x80 /opt/devkitpro/libnds/lib/libfat.a(cache.o)
                0x0200a03c                _FAT_cache_writeSectors
 .text._FAT_cache_flush
                0x0200a0bc       0x40 /opt/devkitpro/libnds/lib/libfat.a(cache.o)
                0x0200a0bc                _FAT_cache_flush
 .text._FAT_stat_r
                0x0200a0fc       0x90 /opt/devkitpro/libnds/lib/libfat.a(fatdir.o)
                0x0200a0fc                _FAT_stat_r
 .text._FAT_link_r
                0x0200a18c        0xc /opt/devkitpro/libnds/lib/libfat.a(fatdir.o)
                0x0200a18c                _FAT_link_r
 .text._FAT_unlink_r
                0x0200a198      0x184 /opt/devkitpro/libnds/lib/libfat.a(fatdir.o)
                0x0200a198                _FAT_unlink_r
 .text._FAT_chdir_r
                0x0200a31c       0x70 /opt/devkitpro/libnds/lib/libfat.a(fatdir.o)
                0x0200a31c                _FAT_chdir_r
 .text._FAT_rename_r
                0x0200a38c      0x1c4 /opt/devkitpro/libnds/lib/libfat.a(fatdir.o)
                0x0200a38c                _FAT_rename_r
 .text._FAT_mkdir_r
                0x0200a550      0x244 /opt/devkitpro/libnds/lib/libfat.a(fatdir.o)
                0x0200a550                _FAT_mkdir_r
 .text._FAT_statvfs_r
                0x0200a794       0x78 /opt/devkitpro/libnds/lib/libfat.a(fatdir.o)
                0x0200a794                _FAT_statvfs_r
 .text._FAT_diropen_r
                0x0200a80c       0xb0 /opt/devkitpro/libnds/lib/libfat.a(fatdir.o)
                0x0200a80c                _FAT_diropen_r
 .text._FAT_dirreset_r
                0x0200a8bc       0x4c /opt/devkitpro/libnds/lib/libfat.a(fatdir.o)
                0x0200a8bc                _FAT_dirreset_r
 .text._FAT_dirnext_r
                0x0200a908       0x7c /opt/devkitpro/libnds/lib/libfat.a(fatdir.o)
                0x0200a908                _FAT_dirnext_r
 .text._FAT_dirclose_r
                0x0200a984       0x20 /opt/devkitpro/libnds/lib/libfat.a(fatdir.o)
                0x0200a984                _FAT_dirclose_r
 .text._FAT_directory_entryGetAlias
                0x0200a9a4       0xc8 /opt/devkitpro/libnds/lib/libfat.a(directory.o)
 .text._FAT_directory_incrementDirEntryPosition
                0x0200aa6c       0x80 /opt/devkitpro/libnds/lib/libfat.a(directory.o)
 .text._FAT_directory_mbsncasecmp
                0x0200aaec       0xa8 /opt/devkitpro/libnds/lib/libfat.a(directory.o)
 .text._FAT_directory_ucs2tombs.constprop.0
                0x0200ab94       0x90 /opt/devkitpro/libnds/lib/libfat.a(directory.o)
 .text._FAT_directory_entryGetCluster
                0x0200ac24       0x20 /opt/devkitpro/libnds/lib/libfat.a(directory.o)
                0x0200ac24                _FAT_directory_entryGetCluster
 .text._FAT_directory_getNextEntry
                0x0200ac44      0x23c /opt/devkitpro/libnds/lib/libfat.a(directory.o)
                0x0200ac44                _FAT_directory_getNextEntry
 .text._FAT_directory_entryExists
                0x0200ae80       0x80 /opt/devkitpro/libnds/lib/libfat.a(directory.o)
 .text._FAT_directory_getFirstEntry
                0x0200af00       0x20 /opt/devkitpro/libnds/lib/libfat.a(directory.o)
                0x0200af00                _FAT_directory_getFirstEntry
 .text._FAT_directory_getRootEntry
                0x0200af20       0x60 /opt/devkitpro/libnds/lib/libfat.a(directory.o)
                0x0200af20                _FAT_directory_getRootEntry
 .text._FAT_directory_entryFromPosition
                0x0200af80      0x150 /opt/devkitpro/libnds/lib/libfat.a(directory.o)
                0x0200af80                _FAT_directory_entryFromPosition
 .text._FAT_directory_entryFromPath
                0x0200b0d0      0x248 /opt/devkitpro/libnds/lib/libfat.a(directory.o)
                0x0200b0d0                _FAT_directory_entryFromPath
 .text._FAT_directory_removeEntry
                0x0200b318       0xd8 /opt/devkitpro/libnds/lib/libfat.a(directory.o)
                0x0200b318                _FAT_directory_removeEntry
 .text._FAT_directory_addEntry
                0x0200b3f0      0x808 /opt/devkitpro/libnds/lib/libfat.a(directory.o)
                0x0200b3f0                _FAT_directory_addEntry
 .text._FAT_directory_chdir
                0x0200bbf8       0x3c /opt/devkitpro/libnds/lib/libfat.a(directory.o)
                0x0200bbf8                _FAT_directory_chdir
 .text._FAT_directory_entryStat
                0x0200bc34       0xe4 /opt/devkitpro/libnds/lib/libfat.a(directory.o)
                0x0200bc34                _FAT_directory_entryStat
 .text.isValidMBR
                0x0200bd18       0x5c /opt/devkitpro/libnds/lib/libfat.a(partition.o)
 .text._FAT_updateFS_INFO
                0x0200bd74       0x54 /opt/devkitpro/libnds/lib/libfat.a(partition.o)
 .text.FindFirstValidPartition_buf.part.0
                0x0200bdc8      0x11c /opt/devkitpro/libnds/lib/libfat.a(partition.o)
 .text._FAT_partition_getPartitionFromPath
                0x0200bee4       0x10 /opt/devkitpro/libnds/lib/libfat.a(partition.o)
                0x0200bee4                _FAT_partition_getPartitionFromPath
 .text._FAT_partition_createFSinfo
                0x0200bef4       0x50 /opt/devkitpro/libnds/lib/libfat.a(partition.o)
                0x0200bef4                _FAT_partition_createFSinfo
 .text._FAT_partition_readFSinfo.part.0
                0x0200bf44       0x74 /opt/devkitpro/libnds/lib/libfat.a(partition.o)
 .text._FAT_partition_constructor_buf
                0x0200bfb8      0x2e8 /opt/devkitpro/libnds/lib/libfat.a(partition.o)
                0x0200bfb8                _FAT_partition_constructor_buf
 .text._FAT_partition_constructor
                0x0200c2a0       0x40 /opt/devkitpro/libnds/lib/libfat.a(partition.o)
                0x0200c2a0                _FAT_partition_constructor
 .text._FAT_partition_readFSinfo
                0x0200c2e0       0x10 /opt/devkitpro/libnds/lib/libfat.a(partition.o)
                0x0200c2e0                _FAT_partition_readFSinfo
 .text._FAT_lock_init
                0x0200c2f0        0x4 /opt/devkitpro/libnds/lib/libfat.a(lock.o)
                0x0200c2f0                _FAT_lock_init
 .text._FAT_lock
                0x0200c2f4        0x4 /opt/devkitpro/libnds/lib/libfat.a(lock.o)
                0x0200c2f4                _FAT_lock
 .text._FAT_unlock
                0x0200c2f8        0x4 /opt/devkitpro/libnds/lib/libfat.a(lock.o)
                0x0200c2f8                _FAT_unlock
 .text._FAT_filetime_getTimeFromRTC
                0x0200c2fc       0x44 /opt/devkitpro/libnds/lib/libfat.a(filetime.o)
                0x0200c2fc                _FAT_filetime_getTimeFromRTC
 .text._FAT_filetime_getDateFromRTC
                0x0200c340       0x44 /opt/devkitpro/libnds/lib/libfat.a(filetime.o)
                0x0200c340                _FAT_filetime_getDateFromRTC
 .text._FAT_filetime_to_time_t
                0x0200c384       0x38 /opt/devkitpro/libnds/lib/libfat.a(filetime.o)
                0x0200c384                _FAT_filetime_to_time_t
 .text._FAT_fat_writeFatEntry.part.0.isra.0
                0x0200c3bc      0x12c /opt/devkitpro/libnds/lib/libfat.a(file_allocation_table.o)
 .text._FAT_fat_nextCluster
                0x0200c4e8      0x108 /opt/devkitpro/libnds/lib/libfat.a(file_allocation_table.o)
                0x0200c4e8                _FAT_fat_nextCluster
 .text._FAT_fat_linkFreeCluster
                0x0200c5f0       0xac /opt/devkitpro/libnds/lib/libfat.a(file_allocation_table.o)
                0x0200c5f0                _FAT_fat_linkFreeCluster
 .text._FAT_fat_linkFreeClusterCleared
                0x0200c69c       0x68 /opt/devkitpro/libnds/lib/libfat.a(file_allocation_table.o)
                0x0200c69c                _FAT_fat_linkFreeClusterCleared
 .text._FAT_fat_clearLinks
                0x0200c704       0x7c /opt/devkitpro/libnds/lib/libfat.a(file_allocation_table.o)
                0x0200c704                _FAT_fat_clearLinks
 .text._FAT_fat_trimChain
                0x0200c780       0x80 /opt/devkitpro/libnds/lib/libfat.a(file_allocation_table.o)
                0x0200c780                _FAT_fat_trimChain
 .text._FAT_fat_lastCluster
                0x0200c800       0x34 /opt/devkitpro/libnds/lib/libfat.a(file_allocation_table.o)
                0x0200c800                _FAT_fat_lastCluster
 .text._FAT_fat_freeClusterCount
                0x0200c834       0x2c /opt/devkitpro/libnds/lib/libfat.a(file_allocation_table.o)
                0x0200c834                _FAT_fat_freeClusterCount
 .text.touchRead
                0x0200c860       0x24 /opt/devkitpro/libnds/lib/libnds9.a(touch.o)
                0x0200c860                touchRead
 .text.oamAllocReset
                0x0200c884       0x1c /opt/devkitpro/libnds/lib/libnds9.a(sprite_alloc.o)
                0x0200c884                oamAllocReset
 .text.oamAllocateGfx
                0x0200c8a0      0x50c /opt/devkitpro/libnds/lib/libnds9.a(sprite_alloc.o)
                0x0200c8a0                oamAllocateGfx
 .text.newRow   0x0200cdac       0xa8 /opt/devkitpro/libnds/lib/libnds9.a(console.o)
 .text.consolePrintChar
                0x0200ce54       0xe0 /opt/devkitpro/libnds/lib/libnds9.a(console.o)
                0x0200ce54                consolePrintChar
 .text.con_write
                0x0200cf34      0x36c /opt/devkitpro/libnds/lib/libnds9.a(console.o)
                0x0200cf34                con_write
 .text.consoleLoadFont
                0x0200d2a0      0x2a0 /opt/devkitpro/libnds/lib/libnds9.a(console.o)
                0x0200d2a0                consoleLoadFont
 .text.consoleInit
                0x0200d540      0x18c /opt/devkitpro/libnds/lib/libnds9.a(console.o)
                0x0200d540                consoleInit
 .text.consoleDemoInit
                0x0200d6cc       0x40 /opt/devkitpro/libnds/lib/libnds9.a(console.o)
                0x0200d6cc                consoleDemoInit
 .text.oamInit  0x0200d70c      0x114 /opt/devkitpro/libnds/lib/libnds9.a(sprite.o)
                0x0200d70c                oamInit
 .text.oamGetGfxPtr
                0x0200d820       0x38 /opt/devkitpro/libnds/lib/libnds9.a(sprite.o)
                0x0200d820                oamGetGfxPtr
 .text.oamGfxPtrToOffset
                0x0200d858       0x34 /opt/devkitpro/libnds/lib/libnds9.a(sprite.o)
                0x0200d858                oamGfxPtrToOffset
 .text.oamSet   0x0200d88c      0x104 /opt/devkitpro/libnds/lib/libnds9.a(sprite.o)
                0x0200d88c                oamSet
 .text.oamUpdate
                0x0200d990       0x60 /opt/devkitpro/libnds/lib/libnds9.a(sprite.o)
                0x0200d990                oamUpdate
 .text.scanKeys
                0x0200d9f0       0x8c /opt/devkitpro/libnds/lib/libnds9.a(keys.o)
                0x0200d9f0                scanKeys
 .text.keysHeld
                0x0200da7c        0xc /opt/devkitpro/libnds/lib/libnds9.a(keys.o)
                0x0200da7c                keysHeld
 .text.dldiGetInternal
                0x0200da88       0x34 /opt/devkitpro/libnds/lib/libnds9.a(dldi.o)
                0x0200da88                dldiGetInternal
 .text.get_io_dsisd
                0x0200dabc       0x24 /opt/devkitpro/libnds/lib/libnds9.a(dldi.o)
                0x0200dabc                get_io_dsisd
 .text.__syscall_gettod_r
                0x0200dae0       0x28 /opt/devkitpro/libnds/lib/libnds9.a(initSystem.o)
                0x0200dae0                __syscall_gettod_r
 .text.__syscall_exit
                0x0200db08        0x8 /opt/devkitpro/libnds/lib/libnds9.a(initSystem.o)
                0x0200db08                __syscall_exit
 .text.initSystem
                0x0200db10      0x180 /opt/devkitpro/libnds/lib/libnds9.a(initSystem.o)
                0x0200db10                initSystem
 .text.irqDummy
                0x0200dc90        0x4 /opt/devkitpro/libnds/lib/libnds9.a(interrupts.o)
                0x0200dc90                irqDummy
 .text.irqSet   0x0200dc94       0x6c /opt/devkitpro/libnds/lib/libnds9.a(interrupts.o)
                0x0200dc94                irqSet
 .text.irqInit  0x0200dd00       0x50 /opt/devkitpro/libnds/lib/libnds9.a(interrupts.o)
                0x0200dd00                irqInit
 .text.irqEnable
                0x0200dd50       0x64 /opt/devkitpro/libnds/lib/libnds9.a(interrupts.o)
                0x0200dd50                irqEnable
 .text.systemErrorExit
                0x0200ddb4        0x4 /opt/devkitpro/libnds/lib/libnds9.a(libnds_exit.arm.o)
                0x0200ddb4                systemErrorExit
 .text.__libnds_exit
                0x0200ddb8       0x5c /opt/devkitpro/libnds/lib/libnds9.a(libnds_exit.arm.o)
                0x0200ddb8                __libnds_exit
 .text.fifo_queueBlock
                0x0200de14       0x44 /opt/devkitpro/libnds/lib/libnds9.a(fifosystem.o)
 .text.fifo_waitBlock
                0x0200de58       0x80 /opt/devkitpro/libnds/lib/libnds9.a(fifosystem.o)
 .text.fifoInternalSend.part.0
                0x0200ded8       0xd4 /opt/devkitpro/libnds/lib/libnds9.a(fifosystem.o)
 .text.fifoInternalSendInterrupt
                0x0200dfac       0xb0 /opt/devkitpro/libnds/lib/libnds9.a(fifosystem.o)
 .text.fifoSetValue32Handler
                0x0200e05c       0xd4 /opt/devkitpro/libnds/lib/libnds9.a(fifosystem.o)
                0x0200e05c                fifoSetValue32Handler
 .text.fifoSendValue32
                0x0200e130       0x4c /opt/devkitpro/libnds/lib/libnds9.a(fifosystem.o)
                0x0200e130                fifoSendValue32
 .text.fifoSendDatamsg
                0x0200e17c       0x90 /opt/devkitpro/libnds/lib/libnds9.a(fifosystem.o)
                0x0200e17c                fifoSendDatamsg
 .text.fifoGetValue32
                0x0200e20c       0x70 /opt/devkitpro/libnds/lib/libnds9.a(fifosystem.o)
                0x0200e20c                fifoGetValue32
 .text.fifoGetDatamsg
                0x0200e27c       0xf4 /opt/devkitpro/libnds/lib/libnds9.a(fifosystem.o)
                0x0200e27c                fifoGetDatamsg
 .text.fifoInternalRecvInterrupt
                0x0200e370      0x37c /opt/devkitpro/libnds/lib/libnds9.a(fifosystem.o)
 .text.fifoSetDatamsgHandler
                0x0200e6ec       0x9c /opt/devkitpro/libnds/lib/libnds9.a(fifosystem.o)
                0x0200e6ec                fifoSetDatamsgHandler
 .text.fifoCheckValue32
                0x0200e788       0x24 /opt/devkitpro/libnds/lib/libnds9.a(fifosystem.o)
                0x0200e788                fifoCheckValue32
 .text.fifoInit
                0x0200e7ac      0x108 /opt/devkitpro/libnds/lib/libnds9.a(fifosystem.o)
                0x0200e7ac                fifoInit
 .text.DC_FlushRange
                0x0200e8b4       0x24 /opt/devkitpro/libnds/lib/libnds9.a(dcache.o)
                0x0200e8b4                DC_FlushRange
 .text.__libnds_mpu_setup
                0x0200e8d8      0x174 /opt/devkitpro/libnds/lib/libnds9.a(mpu_setup.o)
                0x0200e8d8                __libnds_mpu_setup
 .text.memUncached
                0x0200ea4c       0x20 /opt/devkitpro/libnds/lib/libnds9.a(mpu_setup.o)
                0x0200ea4c                memUncached
 .text.swiWaitForVBlank
                0x0200ea6c        0x8 /opt/devkitpro/libnds/lib/libnds9.a(IntrWait.o)
                0x0200ea6c                swiWaitForVBlank
 .text.swiIntrWait
                0x0200ea74       0x70 /opt/devkitpro/libnds/lib/libnds9.a(IntrWait.o)
                0x0200ea74                swiIntrWait
 .text.setCpuClock
                0x0200eae4       0x50 /opt/devkitpro/libnds/lib/libnds9.a(cpu_clock.o)
                0x0200eae4                setCpuClock
 .text.swiDelay
                0x0200eb34        0x4 /opt/devkitpro/libnds/lib/libnds9.a(biosCalls.o)
                0x0200eb34                swiDelay
 .text.swiCopy  0x0200eb38        0x4 /opt/devkitpro/libnds/lib/libnds9.a(biosCalls.o)
                0x0200eb38                swiCopy
 .text.swiSoftReset
                0x0200eb3c       0x2c /opt/devkitpro/libnds/lib/libnds9.a(swiSoftReset.o)
                0x0200eb3c                swiSoftReset
 .text.checkIfText
                0x0200eb68       0x5c /opt/devkitpro/libnds/lib/libnds9.a(background.o)
                0x0200eb68                checkIfText
 .text.bgUpdate
                0x0200ebc4       0xf4 /opt/devkitpro/libnds/lib/libnds9.a(background.o)
                0x0200ebc4                bgUpdate
 .text.bgInit_call
                0x0200ecb8       0xc4 /opt/devkitpro/libnds/lib/libnds9.a(background.o)
                0x0200ecb8                bgInit_call
 .text.bgInitSub_call
                0x0200ed7c       0xcc /opt/devkitpro/libnds/lib/libnds9.a(background.o)
                0x0200ed7c                bgInitSub_call
 .text.sinLutLookup
                0x0200ee48       0x4c /opt/devkitpro/libnds/lib/libnds9.a(trig.o)
                0x0200ee48                sinLutLookup
 .text.sinLerp  0x0200ee94       0x40 /opt/devkitpro/libnds/lib/libnds9.a(trig.o)
                0x0200ee94                sinLerp
 .text.cosLerp  0x0200eed4       0x4c /opt/devkitpro/libnds/lib/libnds9.a(trig.o)
                0x0200eed4                cosLerp
 .text.vramDefault
                0x0200ef20       0xd0 /opt/devkitpro/libnds/lib/libnds9.a(video.o)
                0x0200ef20                vramDefault
 .text.systemValueHandler
                0x0200eff0       0x48 /opt/devkitpro/libnds/lib/libnds9.a(system.o)
                0x0200eff0                systemValueHandler
 .text.systemMsgHandler
                0x0200f038       0x60 /opt/devkitpro/libnds/lib/libnds9.a(system.o)
                0x0200f038                systemMsgHandler
 .text.powerOn  0x0200f098       0x2c /opt/devkitpro/libnds/lib/libnds9.a(system.o)
                0x0200f098                powerOn
 .text.__muldi3
                0x0200f0c4       0x18 /opt/devkitpro/devkitARM/bin/../lib/gcc/arm-none-eabi/13.2.0/libgcc.a(_muldi3.o)
                0x0200f0c4                __aeabi_lmul
                0x0200f0c4                __muldi3
 .text.__udivmoddi4
                0x0200f0dc      0x128 /opt/devkitpro/devkitARM/bin/../lib/gcc/arm-none-eabi/13.2.0/libgcc.a(_udivmoddi4.o)
                0x0200f0dc                __udivmoddi4
 .text.towlower
                0x0200f204       0x14 /opt/devkitpro/devkitARM/bin/../lib/gcc/arm-none-eabi/13.2.0/../../../../arm-none-eabi/lib/libg.a(libc_a-towlower.o)
                0x0200f204                towlower
 .text._mbrtowc_r
                0x0200f218       0xc0 /opt/devkitpro/devkitARM/bin/../lib/gcc/arm-none-eabi/13.2.0/../../../../arm-none-eabi/lib/libg.a(libc_a-mbrtowc.o)
                0x0200f218                _mbrtowc_r
 .text.mbrtowc  0x0200f2d8       0xc4 /opt/devkitpro/devkitARM/bin/../lib/gcc/arm-none-eabi/13.2.0/../../../../arm-none-eabi/lib/libg.a(libc_a-mbrtowc.o)
                0x0200f2d8                mbrtowc
 .text._wcrtomb_r
                0x0200f39c       0xac /opt/devkitpro/devkitARM/bin/../lib/gcc/arm-none-eabi/13.2.0/../../../../arm-none-eabi/lib/libg.a(libc_a-wcrtomb.o)
                0x0200f39c                _wcrtomb_r
 .text.wcrtomb  0x0200f448       0xb4 /opt/devkitpro/devkitARM/bin/../lib/gcc/arm-none-eabi/13.2.0/../../../../arm-none-eabi/lib/libg.a(libc_a-wcrtomb.o)
                0x0200f448                wcrtomb
 .text.towupper
                0x0200f4fc       0x14 /opt/devkitpro/devkitARM/bin/../lib/gcc/arm-none-eabi/13.2.0/../../../../arm-none-eabi/lib/libg.a(libc_a-towupper.o)
                0x0200f4fc                towupper
 .text.mbsrtowcs
                0x0200f510       0x3c /opt/devkitpro/devkitARM/bin/../lib/gcc/arm-none-eabi/13.2.0/../../../../arm-none-eabi/lib/libg.a(libc_a-mbsrtowcs.o)
                0x0200f510                mbsrtowcs
 .text.wctob    0x0200f54c       0x88 /opt/devkitpro/devkitARM/bin/../lib/gcc/arm-none-eabi/13.2.0/../../../../arm-none-eabi/lib/libg.a(libc_a-wctob.o)
                0x0200f54c                wctob
 .text.towctrans
                0x0200f5d4       0x48 /opt/devkitpro/devkitARM/bin/../lib/gcc/arm-none-eabi/13.2.0/../../../../arm-none-eabi/lib/libg.a(libc_a-towctrans.o)
                0x0200f5d4                towctrans
 .text.siscanf  0x0200f61c       0x74 /opt/devkitpro/devkitARM/bin/../lib/gcc/arm-none-eabi/13.2.0/../../../../arm-none-eabi/lib/libg.a(libc_a-siscanf.o)
                0x0200f61c                siscanf
 .text.calloc   0x0200f690       0x24 /opt/devkitpro/devkitARM/bin/../lib/gcc/arm-none-eabi/13.2.0/../../../../arm-none-eabi/lib/libg.a(libc_a-calloc.o)
                0x0200f690                calloc
 .text._calloc_r
                0x0200f6b4       0xd0 /opt/devkitpro/devkitARM/bin/../lib/gcc/arm-none-eabi/13.2.0/../../../../arm-none-eabi/lib/libg.a(libc_a-callocr.o)
                0x0200f6b4                _calloc_r
 .text.setvbuf  0x0200f784      0x25c /opt/devkitpro/devkitARM/bin/../lib/gcc/arm-none-eabi/13.2.0/../../../../arm-none-eabi/lib/libg.a(libc_a-setvbuf.o)
                0x0200f784                setvbuf
 .text.get_arg  0x0200f9e0       0x54 /opt/devkitpro/devkitARM/bin/../lib/gcc/arm-none-eabi/13.2.0/../../../../arm-none-eabi/lib/libg.a(libc_a-svfiscanf.o)
 .text._sungetc_r
                0x0200fa34       0xe4 /opt/devkitpro/devkitARM/bin/../lib/gcc/arm-none-eabi/13.2.0/../../../../arm-none-eabi/lib/libg.a(libc_a-svfiscanf.o)
                0x0200fa34                _sungetc_r
 .text.__ssrefill_r
                0x0200fb18       0x68 /opt/devkitpro/devkitARM/bin/../lib/gcc/arm-none-eabi/13.2.0/../../../../arm-none-eabi/lib/libg.a(libc_a-svfiscanf.o)
                0x0200fb18                __ssrefill_r
 .text._sfread_r
                0x0200fb80       0xc8 /opt/devkitpro/devkitARM/bin/../lib/gcc/arm-none-eabi/13.2.0/../../../../arm-none-eabi/lib/libg.a(libc_a-svfiscanf.o)
                0x0200fb80                _sfread_r
 .text.__ssvfiscanf_r
                0x0200fc48     0x22dc /opt/devkitpro/devkitARM/bin/../lib/gcc/arm-none-eabi/13.2.0/../../../../arm-none-eabi/lib/libg.a(libc_a-svfiscanf.o)
                0x0200fc48                __ssvfiscanf_r
 .text._malloc_trim_r
                0x02011f24      0x100 /opt/devkitpro/devkitARM/bin/../lib/gcc/arm-none-eabi/13.2.0/../../../../arm-none-eabi/lib/libg.a(libc_a-freer.o)
                0x02011f24                _malloc_trim_r
 .text._free_r  0x02012024      0x2e8 /opt/devkitpro/devkitARM/bin/../lib/gcc/arm-none-eabi/13.2.0/../../../../arm-none-eabi/lib/libg.a(libc_a-freer.o)
                0x02012024                _free_r
 .text.strchr   0x0201230c      0x13c /opt/devkitpro/devkitARM/bin/../lib/gcc/arm-none-eabi/13.2.0/../../../../arm-none-eabi/lib/libg.a(libc_a-strchr.o)
                0x0201230c                strchr
 .text.memcmp   0x02012448       0xe0 /opt/devkitpro/devkitARM/bin/../lib/gcc/arm-none-eabi/13.2.0/../../../../arm-none-eabi/lib/libg.a(libc_a-memcmp.o)
                0x02012448                memcmp
 .text._fclose_r
                0x02012528      0x150 /opt/devkitpro/devkitARM/bin/../lib/gcc/arm-none-eabi/13.2.0/../../../../arm-none-eabi/lib/libg.a(libc_a-fclose.o)
                0x02012528                _fclose_r
 .text.fclose   0x02012678       0x18 /opt/devkitpro/devkitARM/bin/../lib/gcc/arm-none-eabi/13.2.0/../../../../arm-none-eabi/lib/libg.a(libc_a-fclose.o)
                0x02012678                fclose
 .text.malloc   0x02012690       0x1c /opt/devkitpro/devkitARM/bin/../lib/gcc/arm-none-eabi/13.2.0/../../../../arm-none-eabi/lib/libg.a(libc_a-malloc.o)
                0x02012690                malloc
 .text.free     0x020126ac       0x1c /opt/devkitpro/devkitARM/bin/../lib/gcc/arm-none-eabi/13.2.0/../../../../arm-none-eabi/lib/libg.a(libc_a-malloc.o)
                0x020126ac                free
 .text._malloc_r
                0x020126c8      0x7a4 /opt/devkitpro/devkitARM/bin/../lib/gcc/arm-none-eabi/13.2.0/../../../../arm-none-eabi/lib/libg.a(libc_a-mallocr.o)
                0x020126c8                _malloc_r
 .text.memmove  0x02012e6c      0x154 /opt/devkitpro/devkitARM/bin/../lib/gcc/arm-none-eabi/13.2.0/../../../../arm-none-eabi/lib/libg.a(libc_a-memmove.o)
                0x02012e6c                memmove
 .text.memset   0x02012fc0       0xfc /opt/devkitpro/devkitARM/bin/../lib/gcc/arm-none-eabi/13.2.0/../../../../arm-none-eabi/lib/libg.a(libc_a-memset.o)
                0x02012fc0                memset
 .text.__malloc_lock
                0x020130bc       0x18 /opt/devkitpro/devkitARM/bin/../lib/gcc/arm-none-eabi/13.2.0/../../../../arm-none-eabi/lib/libg.a(libc_a-mlock.o)
                0x020130bc                __malloc_lock
 .text.__malloc_unlock
                0x020130d4       0x18 /opt/devkitpro/devkitARM/bin/../lib/gcc/arm-none-eabi/13.2.0/../../../../arm-none-eabi/lib/libg.a(libc_a-mlock.o)
                0x020130d4                __malloc_unlock
 .text.strlen   0x020130ec       0x94 /opt/devkitpro/devkitARM/bin/../lib/gcc/arm-none-eabi/13.2.0/../../../../arm-none-eabi/lib/libg.a(libc_a-strlen.o)
                0x020130ec                strlen
 .text._fopen_r
                0x02013180      0x138 /opt/devkitpro/devkitARM/bin/../lib/gcc/arm-none-eabi/13.2.0/../../../../arm-none-eabi/lib/libg.a(libc_a-fopen.o)
                0x02013180                _fopen_r
 .text.fopen    0x020132b8       0x20 /opt/devkitpro/devkitARM/bin/../lib/gcc/arm-none-eabi/13.2.0/../../../../arm-none-eabi/lib/libg.a(libc_a-fopen.o)
                0x020132b8                fopen
 .text.__sflush_r
                0x020132d8      0x248 /opt/devkitpro/devkitARM/bin/../lib/gcc/arm-none-eabi/13.2.0/../../../../arm-none-eabi/lib/libg.a(libc_a-fflush.o)
                0x020132d8                __sflush_r
 .text._fflush_r
                0x02013520       0x9c /opt/devkitpro/devkitARM/bin/../lib/gcc/arm-none-eabi/13.2.0/../../../../arm-none-eabi/lib/libg.a(libc_a-fflush.o)
                0x02013520                _fflush_r
 .text.strpbrk  0x020135bc       0x7c /opt/devkitpro/devkitARM/bin/../lib/gcc/arm-none-eabi/13.2.0/../../../../arm-none-eabi/lib/libg.a(libc_a-strpbrk.o)
                0x020135bc                strpbrk
 .text.fprintf  0x02013638       0x3c /opt/devkitpro/devkitARM/bin/../lib/gcc/arm-none-eabi/13.2.0/../../../../arm-none-eabi/lib/libg.a(libc_a-fprintf.o)
                0x02013638                fprintf
 .text.strrchr  0x02013674       0x58 /opt/devkitpro/devkitARM/bin/../lib/gcc/arm-none-eabi/13.2.0/../../../../arm-none-eabi/lib/libg.a(libc_a-strrchr.o)
                0x02013674                strrchr
 .text.strncasecmp
                0x020136cc       0x8c /opt/devkitpro/devkitARM/bin/../lib/gcc/arm-none-eabi/13.2.0/../../../../arm-none-eabi/lib/libg.a(libc_a-strncasecmp.o)
                0x020136cc                strncasecmp
 .text.strncmp  0x02013758       0xec /opt/devkitpro/devkitARM/bin/../lib/gcc/arm-none-eabi/13.2.0/../../../../arm-none-eabi/lib/libg.a(libc_a-strncmp.o)
                0x02013758                strncmp
 .text._fwalk_sglue
                0x02013844       0x78 /opt/devkitpro/devkitARM/bin/../lib/gcc/arm-none-eabi/13.2.0/../../../../arm-none-eabi/lib/libg.a(libc_a-fwalk.o)
                0x02013844                _fwalk_sglue
 .text._fread_r
                0x020138bc      0x33c /opt/devkitpro/devkitARM/bin/../lib/gcc/arm-none-eabi/13.2.0/../../../../arm-none-eabi/lib/libg.a(libc_a-fread.o)
                0x020138bc                _fread_r
 .text.fread    0x02013bf8       0x3c /opt/devkitpro/devkitARM/bin/../lib/gcc/arm-none-eabi/13.2.0/../../../../arm-none-eabi/lib/libg.a(libc_a-fread.o)
                0x02013bf8                fread
 .text.strncpy  0x02013c34       0xd0 /opt/devkitpro/devkitARM/bin/../lib/gcc/arm-none-eabi/13.2.0/../../../../arm-none-eabi/lib/libg.a(libc_a-strncpy.o)
                0x02013c34                strncpy
 .text.stdio_exit_handler
                0x02013d04       0x28 /opt/devkitpro/devkitARM/bin/../lib/gcc/arm-none-eabi/13.2.0/../../../../arm-none-eabi/lib/libg.a(libc_a-findfp.o)
 .text.cleanup_stdio
                0x02013d2c       0x54 /opt/devkitpro/devkitARM/bin/../lib/gcc/arm-none-eabi/13.2.0/../../../../arm-none-eabi/lib/libg.a(libc_a-findfp.o)
 .text.global_stdio_init.part.0
                0x02013d80      0x158 /opt/devkitpro/devkitARM/bin/../lib/gcc/arm-none-eabi/13.2.0/../../../../arm-none-eabi/lib/libg.a(libc_a-findfp.o)
 .text.__sfp    0x02013ed8      0x138 /opt/devkitpro/devkitARM/bin/../lib/gcc/arm-none-eabi/13.2.0/../../../../arm-none-eabi/lib/libg.a(libc_a-findfp.o)
                0x02013ed8                __sfp
 .text.__sinit  0x02014010       0x64 /opt/devkitpro/devkitARM/bin/../lib/gcc/arm-none-eabi/13.2.0/../../../../arm-none-eabi/lib/libg.a(libc_a-findfp.o)
                0x02014010                __sinit
 .text.__sfp_lock_acquire
                0x02014074       0x18 /opt/devkitpro/devkitARM/bin/../lib/gcc/arm-none-eabi/13.2.0/../../../../arm-none-eabi/lib/libg.a(libc_a-findfp.o)
                0x02014074                __sfp_lock_acquire
 .text.__sfp_lock_release
                0x0201408c       0x18 /opt/devkitpro/devkitARM/bin/../lib/gcc/arm-none-eabi/13.2.0/../../../../arm-none-eabi/lib/libg.a(libc_a-findfp.o)
                0x0201408c                __sfp_lock_release
 .text.srand    0x020140a4       0x20 /opt/devkitpro/devkitARM/bin/../lib/gcc/arm-none-eabi/13.2.0/../../../../arm-none-eabi/lib/libg.a(libc_a-rand.o)
                0x020140a4                srand
 .text.rand     0x020140c4       0x48 /opt/devkitpro/devkitARM/bin/../lib/gcc/arm-none-eabi/13.2.0/../../../../arm-none-eabi/lib/libg.a(libc_a-rand.o)
                0x020140c4                rand
 .text.localtime_r
                0x0201410c      0x374 /opt/devkitpro/devkitARM/bin/../lib/gcc/arm-none-eabi/13.2.0/../../../../arm-none-eabi/lib/libg.a(libc_a-lcltime_r.o)
                0x0201410c                localtime_r
 .text.strnlen  0x02014480       0x48 /opt/devkitpro/devkitARM/bin/../lib/gcc/arm-none-eabi/13.2.0/../../../../arm-none-eabi/lib/libg.a(libc_a-strnlen.o)
                0x02014480                strnlen
 .text.fscanf   0x020144c8       0x3c /opt/devkitpro/devkitARM/bin/../lib/gcc/arm-none-eabi/13.2.0/../../../../arm-none-eabi/lib/libg.a(libc_a-fscanf.o)
                0x020144c8                fscanf
 .text._tzset_unlocked
                0x02014504       0x14 /opt/devkitpro/devkitARM/bin/../lib/gcc/arm-none-eabi/13.2.0/../../../../arm-none-eabi/lib/libg.a(libc_a-tzset.o)
                0x02014504                _tzset_unlocked
 .text.validate_structure
                0x02014518      0x2e0 /opt/devkitpro/devkitARM/bin/../lib/gcc/arm-none-eabi/13.2.0/../../../../arm-none-eabi/lib/libg.a(libc_a-mktime.o)
 .text.mktime   0x020147f8      0x4cc /opt/devkitpro/devkitARM/bin/../lib/gcc/arm-none-eabi/13.2.0/../../../../arm-none-eabi/lib/libg.a(libc_a-mktime.o)
                0x020147f8                mktime
 .text._fseek_r
                0x02014cc4       0x20 /opt/devkitpro/devkitARM/bin/../lib/gcc/arm-none-eabi/13.2.0/../../../../arm-none-eabi/lib/libg.a(libc_a-fseek.o)
                0x02014cc4                _fseek_r
 .text.fseek    0x02014ce4       0x38 /opt/devkitpro/devkitARM/bin/../lib/gcc/arm-none-eabi/13.2.0/../../../../arm-none-eabi/lib/libg.a(libc_a-fseek.o)
                0x02014ce4                fseek
 .text._tzset_unlocked_r
                0x02014d1c      0x688 /opt/devkitpro/devkitARM/bin/../lib/gcc/arm-none-eabi/13.2.0/../../../../arm-none-eabi/lib/libg.a(libc_a-tzset_r.o)
                0x02014d1c                _tzset_unlocked_r
 .text._strtol_l.part.0
                0x020153a4      0x1b4 /opt/devkitpro/devkitARM/bin/../lib/gcc/arm-none-eabi/13.2.0/../../../../arm-none-eabi/lib/libg.a(libc_a-strtol.o)
 .text._strtol_r
                0x02015558       0x64 /opt/devkitpro/devkitARM/bin/../lib/gcc/arm-none-eabi/13.2.0/../../../../arm-none-eabi/lib/libg.a(libc_a-strtol.o)
                0x02015558                _strtol_r
 .text.realloc  0x020155bc       0x24 /opt/devkitpro/devkitARM/bin/../lib/gcc/arm-none-eabi/13.2.0/../../../../arm-none-eabi/lib/libg.a(libc_a-realloc.o)
                0x020155bc                realloc
 .text.__gettzinfo
                0x020155e0        0xc /opt/devkitpro/devkitARM/bin/../lib/gcc/arm-none-eabi/13.2.0/../../../../arm-none-eabi/lib/libg.a(libc_a-gettzinfo.o)
                0x020155e0                __gettzinfo
 .text._strtoul_l.isra.0
                0x020155ec      0x1dc /opt/devkitpro/devkitARM/bin/../lib/gcc/arm-none-eabi/13.2.0/../../../../arm-none-eabi/lib/libg.a(libc_a-strtoul.o)
 .text._strtoul_r
                0x020157c8       0x30 /opt/devkitpro/devkitARM/bin/../lib/gcc/arm-none-eabi/13.2.0/../../../../arm-none-eabi/lib/libg.a(libc_a-strtoul.o)
                0x020157c8                _strtoul_r
 .text.strtoul  0x020157f8       0x34 /opt/devkitpro/devkitARM/bin/../lib/gcc/arm-none-eabi/13.2.0/../../../../arm-none-eabi/lib/libg.a(libc_a-strtoul.o)
                0x020157f8                strtoul
 .text.__locale_mb_cur_max
                0x0201582c       0x28 /opt/devkitpro/devkitARM/bin/../lib/gcc/arm-none-eabi/13.2.0/../../../../arm-none-eabi/lib/libg.a(libc_a-locale.o)
                0x0201582c                __locale_mb_cur_max
 .text.time     0x02015854       0x50 /opt/devkitpro/devkitARM/bin/../lib/gcc/arm-none-eabi/13.2.0/../../../../arm-none-eabi/lib/libg.a(libc_a-time.o)
                0x02015854                time
 .text.__tzcalc_limits
                0x020158a4      0x254 /opt/devkitpro/devkitARM/bin/../lib/gcc/arm-none-eabi/13.2.0/../../../../arm-none-eabi/lib/libg.a(libc_a-tzcalc_limits.o)
                0x020158a4                __tzcalc_limits
 .text.strcpy   0x02015af8       0xf0 /opt/devkitpro/devkitARM/bin/../lib/gcc/arm-none-eabi/13.2.0/../../../../arm-none-eabi/lib/libg.a(libc_a-strcpy.o)
                0x02015af8                strcpy
 .text.__utf8_wctomb
                0x02015be8       0xf4 /opt/devkitpro/devkitARM/bin/../lib/gcc/arm-none-eabi/13.2.0/../../../../arm-none-eabi/lib/libg.a(libc_a-wctomb_r.o)
                0x02015be8                __utf8_wctomb
 .text.memcpy   0x02015cdc      0x114 /opt/devkitpro/devkitARM/bin/../lib/gcc/arm-none-eabi/13.2.0/../../../../arm-none-eabi/lib/libg.a(libc_a-memcpy-stub.o)
                0x02015cdc                memcpy
 .text.stpcpy   0x02015df0       0x74 /opt/devkitpro/devkitARM/bin/../lib/gcc/arm-none-eabi/13.2.0/../../../../arm-none-eabi/lib/libg.a(libc_a-stpcpy.o)
                0x02015df0                stpcpy
 .text.__libc_init_array
                0x02015e64       0x90 /opt/devkitpro/devkitARM/bin/../lib/gcc/arm-none-eabi/13.2.0/../../../../arm-none-eabi/lib/libg.a(libc_a-init.o)
                0x02015e64                __libc_init_array
 .text.__errno  0x02015ef4       0x10 /opt/devkitpro/devkitARM/bin/../lib/gcc/arm-none-eabi/13.2.0/../../../../arm-none-eabi/lib/libg.a(libc_a-errno.o)
                0x02015ef4                __errno
 .text._strtoll_l.isra.0
                0x02015f04      0x23c /opt/devkitpro/devkitARM/bin/../lib/gcc/arm-none-eabi/13.2.0/../../../../arm-none-eabi/lib/libg.a(libc_a-strtoll.o)
 .text._strtoll_r
                0x02016140       0x30 /opt/devkitpro/devkitARM/bin/../lib/gcc/arm-none-eabi/13.2.0/../../../../arm-none-eabi/lib/libg.a(libc_a-strtoll.o)
                0x02016140                _strtoll_r
 .text._strtoull_l.isra.0
                0x02016170      0x260 /opt/devkitpro/devkitARM/bin/../lib/gcc/arm-none-eabi/13.2.0/../../../../arm-none-eabi/lib/libg.a(libc_a-strtoull.o)
 .text._strtoull_r
                0x020163d0       0x30 /opt/devkitpro/devkitARM/bin/../lib/gcc/arm-none-eabi/13.2.0/../../../../arm-none-eabi/lib/libg.a(libc_a-strtoull.o)
                0x020163d0                _strtoull_r
 .text.towctrans_l
                0x02016400      0x244 /opt/devkitpro/devkitARM/bin/../lib/gcc/arm-none-eabi/13.2.0/../../../../arm-none-eabi/lib/libg.a(libc_a-towctrans_l.o)
                0x02016400                towctrans_l
 .text.iswspace
                0x02016644       0x14 /opt/devkitpro/devkitARM/bin/../lib/gcc/arm-none-eabi/13.2.0/../../../../arm-none-eabi/lib/libg.a(libc_a-iswspace.o)
                0x02016644                iswspace
 .text.__smakebuf_r
                0x02016658      0x138 /opt/devkitpro/devkitARM/bin/../lib/gcc/arm-none-eabi/13.2.0/../../../../arm-none-eabi/lib/libg.a(libc_a-makebuf.o)
                0x02016658                __smakebuf_r
 .text.__swhatbuf_r
                0x02016790       0x80 /opt/devkitpro/devkitARM/bin/../lib/gcc/arm-none-eabi/13.2.0/../../../../arm-none-eabi/lib/libg.a(libc_a-makebuf.o)
                0x02016790                __swhatbuf_r
 .text.iswspace_l
                0x02016810       0x40 /opt/devkitpro/devkitARM/bin/../lib/gcc/arm-none-eabi/13.2.0/../../../../arm-none-eabi/lib/libg.a(libc_a-iswspace_l.o)
                0x02016810                iswspace_l
 .text._mbsnrtowcs_r
                0x02016850      0x104 /opt/devkitpro/devkitARM/bin/../lib/gcc/arm-none-eabi/13.2.0/../../../../arm-none-eabi/lib/libg.a(libc_a-mbsnrtowcs.o)
                0x02016850                _mbsnrtowcs_r
 .text.__sccl   0x02016954       0xe4 /opt/devkitpro/devkitARM/bin/../lib/gcc/arm-none-eabi/13.2.0/../../../../arm-none-eabi/lib/libg.a(libc_a-sccl.o)
                0x02016954                __sccl
 .text.lflush   0x02016a38       0x3c /opt/devkitpro/devkitARM/bin/../lib/gcc/arm-none-eabi/13.2.0/../../../../arm-none-eabi/lib/libg.a(libc_a-refill.o)
 .text.__srefill_r
                0x02016a74      0x19c /opt/devkitpro/devkitARM/bin/../lib/gcc/arm-none-eabi/13.2.0/../../../../arm-none-eabi/lib/libg.a(libc_a-refill.o)
                0x02016a74                __srefill_r
 .text.__submore
                0x02016c10       0xa8 /opt/devkitpro/devkitARM/bin/../lib/gcc/arm-none-eabi/13.2.0/../../../../arm-none-eabi/lib/libg.a(libc_a-ungetc.o)
                0x02016c10                __submore
 .text._ungetc_r
                0x02016cb8      0x210 /opt/devkitpro/devkitARM/bin/../lib/gcc/arm-none-eabi/13.2.0/../../../../arm-none-eabi/lib/libg.a(libc_a-ungetc.o)
                0x02016cb8                _ungetc_r
 .text.__sread  0x02016ec8       0x4c /opt/devkitpro/devkitARM/bin/../lib/gcc/arm-none-eabi/13.2.0/../../../../arm-none-eabi/lib/libg.a(libc_a-stdio.o)
                0x02016ec8                __sread
 .text.__seofread
                0x02016f14        0x8 /opt/devkitpro/devkitARM/bin/../lib/gcc/arm-none-eabi/13.2.0/../../../../arm-none-eabi/lib/libg.a(libc_a-stdio.o)
                0x02016f14                __seofread
 .text.__swrite
                0x02016f1c       0x6c /opt/devkitpro/devkitARM/bin/../lib/gcc/arm-none-eabi/13.2.0/../../../../arm-none-eabi/lib/libg.a(libc_a-stdio.o)
                0x02016f1c                __swrite
 .text.__sseek  0x02016f88       0x48 /opt/devkitpro/devkitARM/bin/../lib/gcc/arm-none-eabi/13.2.0/../../../../arm-none-eabi/lib/libg.a(libc_a-stdio.o)
                0x02016f88                __sseek
 .text.__sclose
                0x02016fd0       0x14 /opt/devkitpro/devkitARM/bin/../lib/gcc/arm-none-eabi/13.2.0/../../../../arm-none-eabi/lib/libg.a(libc_a-stdio.o)
                0x02016fd0                __sclose
 .text.category
                0x02016fe4       0x98 /opt/devkitpro/devkitARM/bin/../lib/gcc/arm-none-eabi/13.2.0/../../../../arm-none-eabi/lib/libg.a(libc_a-categories.o)
                0x02016fe4                category
 .text.get_arg  0x0201707c      0x654 /opt/devkitpro/devkitARM/bin/../lib/gcc/arm-none-eabi/13.2.0/../../../../arm-none-eabi/lib/libg.a(libc_a-vfiprintf.o)
 .text.__sprint_r
                0x020176d0       0x34 /opt/devkitpro/devkitARM/bin/../lib/gcc/arm-none-eabi/13.2.0/../../../../arm-none-eabi/lib/libg.a(libc_a-vfiprintf.o)
                0x020176d0                __sprint_r
 .text._vfiprintf_r
                0x02017704     0x2334 /opt/devkitpro/devkitARM/bin/../lib/gcc/arm-none-eabi/13.2.0/../../../../arm-none-eabi/lib/libg.a(libc_a-vfiprintf.o)
                0x02017704                _vfiprintf_r
 .text.__sbprintf
                0x02019a38       0xbc /opt/devkitpro/devkitARM/bin/../lib/gcc/arm-none-eabi/13.2.0/../../../../arm-none-eabi/lib/libg.a(libc_a-vfiprintf.o)
 .text.__ssprint_r
                0x02019af4      0x190 /opt/devkitpro/devkitARM/bin/../lib/gcc/arm-none-eabi/13.2.0/../../../../arm-none-eabi/lib/libg.a(libc_a-svfiprintf.o)
                0x02019af4                __ssprint_r
 .text.div      0x02019c84       0x2c /opt/devkitpro/devkitARM/bin/../lib/gcc/arm-none-eabi/13.2.0/../../../../arm-none-eabi/lib/libg.a(libc_a-div.o)
                0x02019c84                div
 .text.__swsetup_r
                0x02019cb0      0x144 /opt/devkitpro/devkitARM/bin/../lib/gcc/arm-none-eabi/13.2.0/../../../../arm-none-eabi/lib/libg.a(libc_a-wsetup.o)
                0x02019cb0                __swsetup_r
 .text.get_arg  0x02019df4       0x54 /opt/devkitpro/devkitARM/bin/../lib/gcc/arm-none-eabi/13.2.0/../../../../arm-none-eabi/lib/libg.a(libc_a-vfscanf.o)
 .text.__svfscanf_r
                0x02019e48     0x2c58 /opt/devkitpro/devkitARM/bin/../lib/gcc/arm-none-eabi/13.2.0/../../../../arm-none-eabi/lib/libg.a(libc_a-vfscanf.o)
                0x02019e48                __svfscanf_r
 .text._vfscanf_r
                0x0201caa0       0x3c /opt/devkitpro/devkitARM/bin/../lib/gcc/arm-none-eabi/13.2.0/../../../../arm-none-eabi/lib/libg.a(libc_a-vfscanf.o)
                0x0201caa0                _vfscanf_r
 .text._fseeko_r
                0x0201cadc      0x5a4 /opt/devkitpro/devkitARM/bin/../lib/gcc/arm-none-eabi/13.2.0/../../../../arm-none-eabi/lib/libg.a(libc_a-fseeko.o)
                0x0201cadc                _fseeko_r
 .text._findenv_r
                0x0201d080       0xd0 /opt/devkitpro/devkitARM/bin/../lib/gcc/arm-none-eabi/13.2.0/../../../../arm-none-eabi/lib/libg.a(libc_a-getenv_r.o)
                0x0201d080                _findenv_r
 .text._getenv_r
                0x0201d150       0x1c /opt/devkitpro/devkitARM/bin/../lib/gcc/arm-none-eabi/13.2.0/../../../../arm-none-eabi/lib/libg.a(libc_a-getenv_r.o)
                0x0201d150                _getenv_r
 .text.__sflags
                0x0201d16c       0xbc /opt/devkitpro/devkitARM/bin/../lib/gcc/arm-none-eabi/13.2.0/../../../../arm-none-eabi/lib/libg.a(libc_a-flags.o)
                0x0201d16c                __sflags
 .text.get_arg  0x0201d228      0x654 /opt/devkitpro/devkitARM/bin/../lib/gcc/arm-none-eabi/13.2.0/../../../../arm-none-eabi/lib/libg.a(libc_a-vfprintf.o)
 .text._vfprintf_r
                0x0201d87c     0x35f8 /opt/devkitpro/devkitARM/bin/../lib/gcc/arm-none-eabi/13.2.0/../../../../arm-none-eabi/lib/libg.a(libc_a-vfprintf.o)
                0x0201d87c                _vfprintf_r
 .text.__sbprintf
                0x02020e74       0xbc /opt/devkitpro/devkitARM/bin/../lib/gcc/arm-none-eabi/13.2.0/../../../../arm-none-eabi/lib/libg.a(libc_a-vfprintf.o)
 .text.__sfvwrite_r
                0x02020f30      0x4c8 /opt/devkitpro/devkitARM/bin/../lib/gcc/arm-none-eabi/13.2.0/../../../../arm-none-eabi/lib/libg.a(libc_a-fvwrite.o)
                0x02020f30                __sfvwrite_r
 .text.gmtime_r
                0x020213f8      0x26c /opt/devkitpro/devkitARM/bin/../lib/gcc/arm-none-eabi/13.2.0/../../../../arm-none-eabi/lib/libg.a(libc_a-gmtime_r.o)
                0x020213f8                gmtime_r
 .text._realloc_r
                0x02021664      0x4b8 /opt/devkitpro/devkitARM/bin/../lib/gcc/arm-none-eabi/13.2.0/../../../../arm-none-eabi/lib/libg.a(libc_a-reallocr.o)
                0x02021664                _realloc_r
 .text.__tz_lock
                0x02021b1c       0x18 /opt/devkitpro/devkitARM/bin/../lib/gcc/arm-none-eabi/13.2.0/../../../../arm-none-eabi/lib/libg.a(libc_a-tzlock.o)
                0x02021b1c                __tz_lock
 .text.__tz_unlock
                0x02021b34       0x18 /opt/devkitpro/devkitARM/bin/../lib/gcc/arm-none-eabi/13.2.0/../../../../arm-none-eabi/lib/libg.a(libc_a-tzlock.o)
                0x02021b34                __tz_unlock
 .text.__utf8_mbtowc
                0x02021b4c      0x308 /opt/devkitpro/devkitARM/bin/../lib/gcc/arm-none-eabi/13.2.0/../../../../arm-none-eabi/lib/libg.a(libc_a-mbtowc_r.o)
                0x02021b4c                __utf8_mbtowc
 .text.sulp     0x02021e54       0x64 /opt/devkitpro/devkitARM/bin/../lib/gcc/arm-none-eabi/13.2.0/../../../../arm-none-eabi/lib/libg.a(libc_a-strtod.o)
 .text._strtod_l
                0x02021eb8     0x1614 /opt/devkitpro/devkitARM/bin/../lib/gcc/arm-none-eabi/13.2.0/../../../../arm-none-eabi/lib/libg.a(libc_a-strtod.o)
                0x02021eb8                _strtod_l
 .text._strtod_r
                0x020234cc       0x3c /opt/devkitpro/devkitARM/bin/../lib/gcc/arm-none-eabi/13.2.0/../../../../arm-none-eabi/lib/libg.a(libc_a-strtod.o)
                0x020234cc                _strtod_r
 .text._localeconv_r
                0x02023508       0x28 /opt/devkitpro/devkitARM/bin/../lib/gcc/arm-none-eabi/13.2.0/../../../../arm-none-eabi/lib/libg.a(libc_a-localeconv.o)
                0x02023508                _localeconv_r
 .text.memchr   0x02023530       0xf0 /opt/devkitpro/devkitARM/bin/../lib/gcc/arm-none-eabi/13.2.0/../../../../arm-none-eabi/lib/libg.a(libc_a-memchr-stub.o)
                0x02023530                memchr
 .text.stpncpy  0x02023620       0xe0 /opt/devkitpro/devkitARM/bin/../lib/gcc/arm-none-eabi/13.2.0/../../../../arm-none-eabi/lib/libg.a(libc_a-stpncpy.o)
                0x02023620                stpncpy
 .text.nan      0x02023700       0x10 /opt/devkitpro/devkitARM/bin/../lib/gcc/arm-none-eabi/13.2.0/../../../../arm-none-eabi/lib/libg.a(libm_a-s_nan.o)
                0x02023700                nan
 .text.nanf     0x02023710        0xc /opt/devkitpro/devkitARM/bin/../lib/gcc/arm-none-eabi/13.2.0/../../../../arm-none-eabi/lib/libg.a(libm_a-sf_nan.o)
                0x02023710                nanf
 .text.frexp    0x0202371c       0xa4 /opt/devkitpro/devkitARM/bin/../lib/gcc/arm-none-eabi/13.2.0/../../../../arm-none-eabi/lib/libg.a(libm_a-s_frexp.o)
                0x0202371c                frexp
 .text._wcsrtombs_r
                0x020237c0       0x2c /opt/devkitpro/devkitARM/bin/../lib/gcc/arm-none-eabi/13.2.0/../../../../arm-none-eabi/lib/libg.a(libc_a-wcsrtombs.o)
                0x020237c0                _wcsrtombs_r
 .text.sprintf  0x020237ec       0x64 /opt/devkitpro/devkitARM/bin/../lib/gcc/arm-none-eabi/13.2.0/../../../../arm-none-eabi/lib/libg.a(libc_a-sprintf.o)
                0x020237ec                sprintf
 .text.__env_lock
                0x02023850       0x18 /opt/devkitpro/devkitARM/bin/../lib/gcc/arm-none-eabi/13.2.0/../../../../arm-none-eabi/lib/libg.a(libc_a-envlock.o)
                0x02023850                __env_lock
 .text.__env_unlock
                0x02023868       0x18 /opt/devkitpro/devkitARM/bin/../lib/gcc/arm-none-eabi/13.2.0/../../../../arm-none-eabi/lib/libg.a(libc_a-envlock.o)
                0x02023868                __env_unlock
 .text.rshift   0x02023880       0xf8 /opt/devkitpro/devkitARM/bin/../lib/gcc/arm-none-eabi/13.2.0/../../../../arm-none-eabi/lib/libg.a(libc_a-gdtoa-gethex.o)
 .text.__gethex
                0x02023978      0x8a8 /opt/devkitpro/devkitARM/bin/../lib/gcc/arm-none-eabi/13.2.0/../../../../arm-none-eabi/lib/libg.a(libc_a-gdtoa-gethex.o)
                0x02023978                __gethex
 .text.quorem   0x02024220      0x1d8 /opt/devkitpro/devkitARM/bin/../lib/gcc/arm-none-eabi/13.2.0/../../../../arm-none-eabi/lib/libg.a(libc_a-dtoa.o)
 .text._dtoa_r  0x020243f8     0x16cc /opt/devkitpro/devkitARM/bin/../lib/gcc/arm-none-eabi/13.2.0/../../../../arm-none-eabi/lib/libg.a(libc_a-dtoa.o)
                0x020243f8                _dtoa_r
 .text.get_arg  0x02025ac4      0x654 /opt/devkitpro/devkitARM/bin/../lib/gcc/arm-none-eabi/13.2.0/../../../../arm-none-eabi/lib/libg.a(libc_a-svfprintf.o)
 .text._svfprintf_r
                0x02026118     0x3518 /opt/devkitpro/devkitARM/bin/../lib/gcc/arm-none-eabi/13.2.0/../../../../arm-none-eabi/lib/libg.a(libc_a-svfprintf.o)
                0x02026118                _svfprintf_r
 .text.__match  0x02029630       0x54 /opt/devkitpro/devkitARM/bin/../lib/gcc/arm-none-eabi/13.2.0/../../../../arm-none-eabi/lib/libg.a(libc_a-gdtoa-hexnan.o)
                0x02029630                __match
 .text.__hexnan
                0x02029684      0x2a4 /opt/devkitpro/devkitARM/bin/../lib/gcc/arm-none-eabi/13.2.0/../../../../arm-none-eabi/lib/libg.a(libc_a-gdtoa-hexnan.o)
                0x02029684                __hexnan
 .text._Balloc  0x02029928       0x8c /opt/devkitpro/devkitARM/bin/../lib/gcc/arm-none-eabi/13.2.0/../../../../arm-none-eabi/lib/libg.a(libc_a-mprec.o)
                0x02029928                _Balloc
 .text._Bfree   0x020299b4       0x1c /opt/devkitpro/devkitARM/bin/../lib/gcc/arm-none-eabi/13.2.0/../../../../arm-none-eabi/lib/libg.a(libc_a-mprec.o)
                0x020299b4                _Bfree
 .text.__multadd
                0x020299d0      0x100 /opt/devkitpro/devkitARM/bin/../lib/gcc/arm-none-eabi/13.2.0/../../../../arm-none-eabi/lib/libg.a(libc_a-mprec.o)
                0x020299d0                __multadd
 .text.__s2b    0x02029ad0      0x114 /opt/devkitpro/devkitARM/bin/../lib/gcc/arm-none-eabi/13.2.0/../../../../arm-none-eabi/lib/libg.a(libc_a-mprec.o)
                0x02029ad0                __s2b
 .text.__hi0bits
                0x02029be4       0x60 /opt/devkitpro/devkitARM/bin/../lib/gcc/arm-none-eabi/13.2.0/../../../../arm-none-eabi/lib/libg.a(libc_a-mprec.o)
                0x02029be4                __hi0bits
 .text.__lo0bits
                0x02029c44       0xa0 /opt/devkitpro/devkitARM/bin/../lib/gcc/arm-none-eabi/13.2.0/../../../../arm-none-eabi/lib/libg.a(libc_a-mprec.o)
                0x02029c44                __lo0bits
 .text.__i2b    0x02029ce4       0xac /opt/devkitpro/devkitARM/bin/../lib/gcc/arm-none-eabi/13.2.0/../../../../arm-none-eabi/lib/libg.a(libc_a-mprec.o)
                0x02029ce4                __i2b
 .text.__multiply
                0x02029d90      0x218 /opt/devkitpro/devkitARM/bin/../lib/gcc/arm-none-eabi/13.2.0/../../../../arm-none-eabi/lib/libg.a(libc_a-mprec.o)
                0x02029d90                __multiply
 .text.__pow5mult
                0x02029fa8      0x12c /opt/devkitpro/devkitARM/bin/../lib/gcc/arm-none-eabi/13.2.0/../../../../arm-none-eabi/lib/libg.a(libc_a-mprec.o)
                0x02029fa8                __pow5mult
 .text.__lshift
                0x0202a0d4      0x144 /opt/devkitpro/devkitARM/bin/../lib/gcc/arm-none-eabi/13.2.0/../../../../arm-none-eabi/lib/libg.a(libc_a-mprec.o)
                0x0202a0d4                __lshift
 .text.__mcmp   0x0202a218       0x54 /opt/devkitpro/devkitARM/bin/../lib/gcc/arm-none-eabi/13.2.0/../../../../arm-none-eabi/lib/libg.a(libc_a-mprec.o)
                0x0202a218                __mcmp
 .text.__mdiff  0x0202a26c      0x214 /opt/devkitpro/devkitARM/bin/../lib/gcc/arm-none-eabi/13.2.0/../../../../arm-none-eabi/lib/libg.a(libc_a-mprec.o)
                0x0202a26c                __mdiff
 .text.__ulp    0x0202a480       0x64 /opt/devkitpro/devkitARM/bin/../lib/gcc/arm-none-eabi/13.2.0/../../../../arm-none-eabi/lib/libg.a(libc_a-mprec.o)
                0x0202a480                __ulp
 .text.__b2d    0x0202a4e4       0xf0 /opt/devkitpro/devkitARM/bin/../lib/gcc/arm-none-eabi/13.2.0/../../../../arm-none-eabi/lib/libg.a(libc_a-mprec.o)
                0x0202a4e4                __b2d
 .text.__d2b    0x0202a5d4      0x128 /opt/devkitpro/devkitARM/bin/../lib/gcc/arm-none-eabi/13.2.0/../../../../arm-none-eabi/lib/libg.a(libc_a-mprec.o)
                0x0202a5d4                __d2b
 .text.__ratio  0x0202a6fc       0x84 /opt/devkitpro/devkitARM/bin/../lib/gcc/arm-none-eabi/13.2.0/../../../../arm-none-eabi/lib/libg.a(libc_a-mprec.o)
                0x0202a6fc                __ratio
 .text.__copybits
                0x0202a780       0x8c /opt/devkitpro/devkitARM/bin/../lib/gcc/arm-none-eabi/13.2.0/../../../../arm-none-eabi/lib/libg.a(libc_a-mprec.o)
                0x0202a780                __copybits
 .text.__any_on
                0x0202a80c       0x5c /opt/devkitpro/devkitARM/bin/../lib/gcc/arm-none-eabi/13.2.0/../../../../arm-none-eabi/lib/libg.a(libc_a-mprec.o)
                0x0202a80c                __any_on
 .text._wcsnrtombs_l
                0x0202a868      0x198 /opt/devkitpro/devkitARM/bin/../lib/gcc/arm-none-eabi/13.2.0/../../../../arm-none-eabi/lib/libg.a(libc_a-wcsnrtombs.o)
                0x0202a868                _wcsnrtombs_l
 .text._wcsnrtombs_r
                0x0202aa00       0x68 /opt/devkitpro/devkitARM/bin/../lib/gcc/arm-none-eabi/13.2.0/../../../../arm-none-eabi/lib/libg.a(libc_a-wcsnrtombs.o)
                0x0202aa00                _wcsnrtombs_r
 .text.__assert_func
                0x0202aa68       0x5c /opt/devkitpro/devkitARM/bin/../lib/gcc/arm-none-eabi/13.2.0/../../../../arm-none-eabi/lib/libg.a(libc_a-assert.o)
                0x0202aa68                __assert_func
 .text.fiprintf
                0x0202aac4       0x3c /opt/devkitpro/devkitARM/bin/../lib/gcc/arm-none-eabi/13.2.0/../../../../arm-none-eabi/lib/libg.a(libc_a-fiprintf.o)
                0x0202aac4                fiprintf
 .text.abort    0x0202ab00       0x14 /opt/devkitpro/devkitARM/bin/../lib/gcc/arm-none-eabi/13.2.0/../../../../arm-none-eabi/lib/libg.a(libc_a-abort.o)
                0x0202ab00                abort
 .text._raise_r
                0x0202ab14       0x94 /opt/devkitpro/devkitARM/bin/../lib/gcc/arm-none-eabi/13.2.0/../../../../arm-none-eabi/lib/libg.a(libc_a-signal.o)
                0x0202ab14                _raise_r
 .text.raise    0x0202aba8       0x18 /opt/devkitpro/devkitARM/bin/../lib/gcc/arm-none-eabi/13.2.0/../../../../arm-none-eabi/lib/libg.a(libc_a-signal.o)
                0x0202aba8                raise
 .text._exit    0x0202abc0       0x20 /opt/devkitpro/devkitARM/bin/../lib/gcc/arm-none-eabi/13.2.0/../../../../arm-none-eabi/lib/libsysbase.a(libsysbase_libsysbase_a-_exit.o)
                0x0202abc0                _exit
 .text.build_argv
                0x0202abe0       0x90 /opt/devkitpro/devkitARM/bin/../lib/gcc/arm-none-eabi/13.2.0/../../../../arm-none-eabi/lib/libsysbase.a(libsysbase_libsysbase_a-build_argv.o)
                0x0202abe0                build_argv
 .text.chdir    0x0202ac70      0x144 /opt/devkitpro/devkitARM/bin/../lib/gcc/arm-none-eabi/13.2.0/../../../../arm-none-eabi/lib/libsysbase.a(libsysbase_libsysbase_a-chdir.o)
                0x0202ac70                chdir
 .text._concatenate_path
                0x0202adb4      0x1d4 /opt/devkitpro/devkitARM/bin/../lib/gcc/arm-none-eabi/13.2.0/../../../../arm-none-eabi/lib/libsysbase.a(libsysbase_libsysbase_a-concatenate.o)
                0x0202adb4                _concatenate_path
 .text._fstat_r
                0x0202af88       0x7c /opt/devkitpro/devkitARM/bin/../lib/gcc/arm-none-eabi/13.2.0/../../../../arm-none-eabi/lib/libsysbase.a(libsysbase_libsysbase_a-fstat.o)
                0x0202af88                _fstat_r
 .text._getpid_r
                0x0202b004       0x14 /opt/devkitpro/devkitARM/bin/../lib/gcc/arm-none-eabi/13.2.0/../../../../arm-none-eabi/lib/libsysbase.a(libsysbase_libsysbase_a-getpid.o)
                0x0202b004                _getpid_r
 .text.__getreent
                0x0202b018       0x30 /opt/devkitpro/devkitARM/bin/../lib/gcc/arm-none-eabi/13.2.0/../../../../arm-none-eabi/lib/libsysbase.a(libsysbase_libsysbase_a-getreent.o)
                0x0202b018                __getreent
 .text._gettimeofday_r
                0x0202b048       0x34 /opt/devkitpro/devkitARM/bin/../lib/gcc/arm-none-eabi/13.2.0/../../../../arm-none-eabi/lib/libsysbase.a(libsysbase_libsysbase_a-gettod.o)
                0x0202b048                _gettimeofday_r
 .text.__release_handle
                0x0202b07c       0x90 /opt/devkitpro/devkitARM/bin/../lib/gcc/arm-none-eabi/13.2.0/../../../../arm-none-eabi/lib/libsysbase.a(libsysbase_libsysbase_a-handle_manager.o)
                0x0202b07c                __release_handle
 .text.__alloc_handle
                0x0202b10c       0xb4 /opt/devkitpro/devkitARM/bin/../lib/gcc/arm-none-eabi/13.2.0/../../../../arm-none-eabi/lib/libsysbase.a(libsysbase_libsysbase_a-handle_manager.o)
                0x0202b10c                __alloc_handle
 .text.__get_handle
                0x0202b1c0       0x40 /opt/devkitpro/devkitARM/bin/../lib/gcc/arm-none-eabi/13.2.0/../../../../arm-none-eabi/lib/libsysbase.a(libsysbase_libsysbase_a-handle_manager.o)
                0x0202b1c0                __get_handle
 .text._close_r
                0x0202b200       0xfc /opt/devkitpro/devkitARM/bin/../lib/gcc/arm-none-eabi/13.2.0/../../../../arm-none-eabi/lib/libsysbase.a(libsysbase_libsysbase_a-handle_manager.o)
                0x0202b200                _close_r
 .text.null_write
                0x0202b2fc        0x8 /opt/devkitpro/devkitARM/bin/../lib/gcc/arm-none-eabi/13.2.0/../../../../arm-none-eabi/lib/libsysbase.a(libsysbase_libsysbase_a-iosupport.o)
 .text.setDefaultDevice
                0x0202b304       0x18 /opt/devkitpro/devkitARM/bin/../lib/gcc/arm-none-eabi/13.2.0/../../../../arm-none-eabi/lib/libsysbase.a(libsysbase_libsysbase_a-iosupport.o)
                0x0202b304                setDefaultDevice
 .text.FindDevice
                0x0202b31c       0xd4 /opt/devkitpro/devkitARM/bin/../lib/gcc/arm-none-eabi/13.2.0/../../../../arm-none-eabi/lib/libsysbase.a(libsysbase_libsysbase_a-iosupport.o)
                0x0202b31c                FindDevice
 .text.AddDevice
                0x0202b3f0       0xa4 /opt/devkitpro/devkitARM/bin/../lib/gcc/arm-none-eabi/13.2.0/../../../../arm-none-eabi/lib/libsysbase.a(libsysbase_libsysbase_a-iosupport.o)
                0x0202b3f0                AddDevice
 .text.GetDeviceOpTab
                0x0202b494       0x24 /opt/devkitpro/devkitARM/bin/../lib/gcc/arm-none-eabi/13.2.0/../../../../arm-none-eabi/lib/libsysbase.a(libsysbase_libsysbase_a-iosupport.o)
                0x0202b494                GetDeviceOpTab
 .text._isatty_r
                0x0202b4b8        0x8 /opt/devkitpro/devkitARM/bin/../lib/gcc/arm-none-eabi/13.2.0/../../../../arm-none-eabi/lib/libsysbase.a(libsysbase_libsysbase_a-isatty.o)
                0x0202b4b8                _isatty_r
 .text._kill_r  0x0202b4c0       0x14 /opt/devkitpro/devkitARM/bin/../lib/gcc/arm-none-eabi/13.2.0/../../../../arm-none-eabi/lib/libsysbase.a(libsysbase_libsysbase_a-kill.o)
                0x0202b4c0                _kill_r
 .text._lseek_r
                0x0202b4d4       0x88 /opt/devkitpro/devkitARM/bin/../lib/gcc/arm-none-eabi/13.2.0/../../../../arm-none-eabi/lib/libsysbase.a(libsysbase_libsysbase_a-lseek.o)
                0x0202b4d4                _lseek_r
 .text._open_r  0x0202b55c       0xc4 /opt/devkitpro/devkitARM/bin/../lib/gcc/arm-none-eabi/13.2.0/../../../../arm-none-eabi/lib/libsysbase.a(libsysbase_libsysbase_a-open.o)
                0x0202b55c                _open_r
 .text._read_r  0x0202b620       0x84 /opt/devkitpro/devkitARM/bin/../lib/gcc/arm-none-eabi/13.2.0/../../../../arm-none-eabi/lib/libsysbase.a(libsysbase_libsysbase_a-read.o)
                0x0202b620                _read_r
 .text._sbrk_r  0x0202b6a4       0x7c /opt/devkitpro/devkitARM/bin/../lib/gcc/arm-none-eabi/13.2.0/../../../../arm-none-eabi/lib/libsysbase.a(libsysbase_libsysbase_a-sbrk.o)
                0x0202b6a4                _sbrk_r
 .text.__libc_lock_acquire
                0x0202b720       0x20 /opt/devkitpro/devkitARM/bin/../lib/gcc/arm-none-eabi/13.2.0/../../../../arm-none-eabi/lib/libsysbase.a(libsysbase_libsysbase_a-syscall_support.o)
                0x0202b720                __libc_lock_acquire
 .text.__libc_lock_release
                0x0202b740       0x20 /opt/devkitpro/devkitARM/bin/../lib/gcc/arm-none-eabi/13.2.0/../../../../arm-none-eabi/lib/libsysbase.a(libsysbase_libsysbase_a-syscall_support.o)
                0x0202b740                __libc_lock_release
 .text.__libc_lock_acquire_recursive
                0x0202b760       0x20 /opt/devkitpro/devkitARM/bin/../lib/gcc/arm-none-eabi/13.2.0/../../../../arm-none-eabi/lib/libsysbase.a(libsysbase_libsysbase_a-syscall_support.o)
                0x0202b760                __libc_lock_acquire_recursive
 .text.__libc_lock_release_recursive
                0x0202b780       0x20 /opt/devkitpro/devkitARM/bin/../lib/gcc/arm-none-eabi/13.2.0/../../../../arm-none-eabi/lib/libsysbase.a(libsysbase_libsysbase_a-syscall_support.o)
                0x0202b780                __libc_lock_release_recursive
 .text._write_r
                0x0202b7a0       0x84 /opt/devkitpro/devkitARM/bin/../lib/gcc/arm-none-eabi/13.2.0/../../../../arm-none-eabi/lib/libsysbase.a(libsysbase_libsysbase_a-write.o)
                0x0202b7a0                _write_r
 .text.__fixdfdi
                0x0202b824       0x50 /opt/devkitpro/devkitARM/bin/../lib/gcc/arm-none-eabi/13.2.0/libgcc.a(_fixdfdi.o)
                0x0202b824                __aeabi_d2lz
                0x0202b824                __fixdfdi
 .text.__fixunsdfdi
                0x0202b874       0x5c /opt/devkitpro/devkitARM/bin/../lib/gcc/arm-none-eabi/13.2.0/libgcc.a(_fixunsdfdi.o)
                0x0202b874                __aeabi_d2ulz
                0x0202b874                __fixunsdfdi
 .text.__fixunsdfdi.__stub
                0x0202b8d0      0x290 linker stubs
 *(EXCLUDE_FILE(*.twl*) .gnu.warning)
 *(EXCLUDE_FILE(*.twl*) .gnu.linkonce.t*)
 *(.glue_7)
 .glue_7        0x0202bbb8        0x0 linker stubs
 *(.glue_7t)
 .glue_7t       0x0202bbb8        0x0 linker stubs
                0x0202bbb8                        . = ALIGN (0x4)

.vfp11_veneer   0x0202bbb8        0x0
 .vfp11_veneer  0x0202bbb8        0x0 linker stubs

.v4_bx          0x0202bbb8        0x0
 .v4_bx         0x0202bbb8        0x0 linker stubs

.iplt           0x0202bbb8        0x0
 .iplt          0x0202bbb8        0x0 /opt/devkitpro/devkitARM/bin/../lib/gcc/arm-none-eabi/13.2.0/../../../../arm-none-eabi/lib/ds_arm9_crt0.o

.fini           0x0202bbb8       0x18
 *(.fini)
 .fini          0x0202bbb8        0xc /opt/devkitpro/devkitARM/bin/../lib/gcc/arm-none-eabi/13.2.0/crti.o
                0x0202bbb8                _fini
 .fini          0x0202bbc4        0xc /opt/devkitpro/devkitARM/bin/../lib/gcc/arm-none-eabi/13.2.0/crtn.o
                0x0202bbd0                        __text_end = .

.rodata         0x0202bbd0    0xc98f8
 *(EXCLUDE_FILE(*.twl*) .rodata)
 .rodata        0x0202bbd0      0x600 basketnett.o
                0x0202bbd0                basketnettTiles
                0x0202bfd0                basketnettPal
 .rodata        0x0202c1d0     0x3e3a basketcourt2.o
                0x0202c1d0                basketcourt2Tiles
                0x0202f810                basketcourt2Map
                0x0202fe10                basketcourt2Pal
 *fill*         0x0203000a        0x2 ff
 .rodata        0x0203000c      0x2b0 numbers.o
                0x0203000c                numbersTiles
                0x0203028c                numbersMap
                0x020302b8                numbersPal
 .rodata        0x020302bc     0xc200 basketfrenzysubbg.o
                0x020302bc                basketfrenzysubbgBitmap
                0x0203c2bc                basketfrenzysubbgPal
 .rodata        0x0203c4bc       0x23 P_Score.o
 *all.rodata*(*)
 *(EXCLUDE_FILE(*.twl*) .roda)
 *(EXCLUDE_FILE(*.twl*) .rodata.*)
 *fill*         0x0203c4df        0x1 ff
 .rodata.soundbank_bin
                0x0203c4e0    0xb2df0 soundbank.bin.o
                0x0203c4e0                soundbank_bin
                0x020ef2d0                soundbank_bin_end
 .rodata.fatMount.part.0.str1.4
                0x020ef2d0      0x248 /opt/devkitpro/libnds/lib/libfat.a(libfat.o)
                                  0x2 (size before relaxing)
 .rodata.fatInit.str1.4
                0x020ef518        0x3 /opt/devkitpro/libnds/lib/libfat.a(libfat.o)
 .rodata.str1.4
                0x020ef518        0x4 /opt/devkitpro/libnds/lib/libfat.a(libfat.o)
 .rodata.dotab_fat
                0x020ef518       0x70 /opt/devkitpro/libnds/lib/libfat.a(libfat.o)
 .rodata.str1.4
                0x020ef588        0x8 /opt/devkitpro/libnds/lib/libfat.a(disc.o)
 .rodata._FAT_disc_interfaces
                0x020ef588       0x18 /opt/devkitpro/libnds/lib/libfat.a(disc.o)
                0x020ef588                _FAT_disc_interfaces
 .rodata._FAT_directory_entryFromPath.str1.4
                0x020ef5a0        0x7 /opt/devkitpro/libnds/lib/libfat.a(directory.o)
 .rodata.ILLEGAL_ALIAS_CHARACTERS
                0x020ef5a0       0x12 /opt/devkitpro/libnds/lib/libfat.a(directory.o)
 *fill*         0x020ef5b2        0x2 ff
 .rodata.ILLEGAL_LFN_CHARACTERS
                0x020ef5b4        0xa /opt/devkitpro/libnds/lib/libfat.a(directory.o)
 *fill*         0x020ef5be        0x2 ff
 .rodata.LFN_offset_table
                0x020ef5c0       0x34 /opt/devkitpro/libnds/lib/libfat.a(directory.o)
 .rodata.FAT_SIG
                0x020ef5f4        0x3 /opt/devkitpro/libnds/lib/libfat.a(partition.o)
 *fill*         0x020ef5f7        0x1 ff
 .rodata.FS_TWL_SIG
                0x020ef5f8        0x8 /opt/devkitpro/libnds/lib/libfat.a(partition.o)
 .rodata.con_write.str1.4
                0x020ef600       0x30 /opt/devkitpro/libnds/lib/libnds9.a(console.o)
 .rodata.con_write
                0x020ef600       0xd4 /opt/devkitpro/libnds/lib/libnds9.a(console.o)
 .rodata.str1.4
                0x020ef6d4       0x14 /opt/devkitpro/libnds/lib/libnds9.a(console.o)
 .rodata.dotab_stdout
                0x020ef6d4       0x70 /opt/devkitpro/libnds/lib/libnds9.a(console.o)
 .rodata.default_font_bin
                0x020ef744     0x2000 /opt/devkitpro/libnds/lib/libnds9.a(default_font.bin.o)
                0x020ef744                default_font_bin
                0x020f1744                default_font_bin_end
 .rodata.SIN_LUT
                0x020f1744      0x102 /opt/devkitpro/libnds/lib/libnds9.a(trig.o)
                0x020f1744                SIN_LUT
 .rodata._mbrtowc_r.str1.4
                0x020f1846        0x1 /opt/devkitpro/devkitARM/bin/../lib/gcc/arm-none-eabi/13.2.0/../../../../arm-none-eabi/lib/libg.a(libc_a-mbrtowc.o)
 *fill*         0x020f1846        0x2 ff
 .rodata._ctype_
                0x020f1848      0x101 /opt/devkitpro/devkitARM/bin/../lib/gcc/arm-none-eabi/13.2.0/../../../../arm-none-eabi/lib/libg.a(libc_a-ctype_.o)
                0x020f1848                _ctype_
 *fill*         0x020f1949        0x3 ff
 .rodata.basefix.0
                0x020f194c       0x22 /opt/devkitpro/devkitARM/bin/../lib/gcc/arm-none-eabi/13.2.0/../../../../arm-none-eabi/lib/libg.a(libc_a-svfiscanf.o)
 *fill*         0x020f196e        0x2 ff
 .rodata._DAYS_BEFORE_MONTH
                0x020f1970       0x30 /opt/devkitpro/devkitARM/bin/../lib/gcc/arm-none-eabi/13.2.0/../../../../arm-none-eabi/lib/libg.a(libc_a-mktime.o)
 .rodata.DAYS_IN_MONTH
                0x020f19a0       0x30 /opt/devkitpro/devkitARM/bin/../lib/gcc/arm-none-eabi/13.2.0/../../../../arm-none-eabi/lib/libg.a(libc_a-mktime.o)
 .rodata._tzset_unlocked_r.str1.4
                0x020f19d0       0x6b /opt/devkitpro/devkitARM/bin/../lib/gcc/arm-none-eabi/13.2.0/../../../../arm-none-eabi/lib/libg.a(libc_a-tzset_r.o)
 .rodata.__month_lengths
                0x020f19d0       0x60 /opt/devkitpro/devkitARM/bin/../lib/gcc/arm-none-eabi/13.2.0/../../../../arm-none-eabi/lib/libg.a(libc_a-month_lengths.o)
                0x020f19d0                __month_lengths
 .rodata.str1.4
                0x020f1a30        0x4 /opt/devkitpro/devkitARM/bin/../lib/gcc/arm-none-eabi/13.2.0/../../../../arm-none-eabi/lib/libg.a(libc_a-tzvars.o)
 .rodata.str1.4
                0x020f1a30       0x4c /opt/devkitpro/devkitARM/bin/../lib/gcc/arm-none-eabi/13.2.0/../../../../arm-none-eabi/lib/libg.a(libc_a-locale.o)
 .rodata.categories
                0x020f1a30     0x3528 /opt/devkitpro/devkitARM/bin/../lib/gcc/arm-none-eabi/13.2.0/../../../../arm-none-eabi/lib/libg.a(libc_a-categories.o)
 .rodata._vfiprintf_r.str1.1
                0x020f4f58       0x40 /opt/devkitpro/devkitARM/bin/../lib/gcc/arm-none-eabi/13.2.0/../../../../arm-none-eabi/lib/libg.a(libc_a-vfiprintf.o)
                                 0x29 (size before relaxing)
 .rodata.zeroes.0
                0x020f4f98       0x10 /opt/devkitpro/devkitARM/bin/../lib/gcc/arm-none-eabi/13.2.0/../../../../arm-none-eabi/lib/libg.a(libc_a-vfiprintf.o)
 .rodata.blanks.1
                0x020f4fa8       0x10 /opt/devkitpro/devkitARM/bin/../lib/gcc/arm-none-eabi/13.2.0/../../../../arm-none-eabi/lib/libg.a(libc_a-vfiprintf.o)
 .rodata.__action_table
                0x020f4fb8       0x6c /opt/devkitpro/devkitARM/bin/../lib/gcc/arm-none-eabi/13.2.0/../../../../arm-none-eabi/lib/libg.a(libc_a-svfiprintf.o)
                0x020f4fb8                __action_table
 .rodata.__state_table
                0x020f5024       0x6c /opt/devkitpro/devkitARM/bin/../lib/gcc/arm-none-eabi/13.2.0/../../../../arm-none-eabi/lib/libg.a(libc_a-svfiprintf.o)
                0x020f5024                __state_table
 .rodata.__chclass
                0x020f5090      0x100 /opt/devkitpro/devkitARM/bin/../lib/gcc/arm-none-eabi/13.2.0/../../../../arm-none-eabi/lib/libg.a(libc_a-svfiprintf.o)
                0x020f5090                __chclass
 .rodata.__svfscanf_r.str1.1
                0x020f5190        0x6 /opt/devkitpro/devkitARM/bin/../lib/gcc/arm-none-eabi/13.2.0/../../../../arm-none-eabi/lib/libg.a(libc_a-vfscanf.o)
 .rodata.basefix.0
                0x020f5190       0x22 /opt/devkitpro/devkitARM/bin/../lib/gcc/arm-none-eabi/13.2.0/../../../../arm-none-eabi/lib/libg.a(libc_a-vfscanf.o)
 .rodata._vfprintf_r.str1.1
                0x020f51b2       0x3b /opt/devkitpro/devkitARM/bin/../lib/gcc/arm-none-eabi/13.2.0/../../../../arm-none-eabi/lib/libg.a(libc_a-vfprintf.o)
 *fill*         0x020f51b2        0x2 ff
 .rodata.zeroes.0
                0x020f51b4       0x10 /opt/devkitpro/devkitARM/bin/../lib/gcc/arm-none-eabi/13.2.0/../../../../arm-none-eabi/lib/libg.a(libc_a-vfprintf.o)
 .rodata.blanks.1
                0x020f51c4       0x10 /opt/devkitpro/devkitARM/bin/../lib/gcc/arm-none-eabi/13.2.0/../../../../arm-none-eabi/lib/libg.a(libc_a-vfprintf.o)
 .rodata._strtod_l.str1.4
                0x020f51d4       0x15 /opt/devkitpro/devkitARM/bin/../lib/gcc/arm-none-eabi/13.2.0/../../../../arm-none-eabi/lib/libg.a(libc_a-strtod.o)
 .rodata.fpinan.0
                0x020f51d4       0x14 /opt/devkitpro/devkitARM/bin/../lib/gcc/arm-none-eabi/13.2.0/../../../../arm-none-eabi/lib/libg.a(libc_a-strtod.o)
 .rodata.fpi.1  0x020f51e8       0x14 /opt/devkitpro/devkitARM/bin/../lib/gcc/arm-none-eabi/13.2.0/../../../../arm-none-eabi/lib/libg.a(libc_a-strtod.o)
 *fill*         0x020f51fc        0x4 ff
 .rodata.tinytens
                0x020f5200       0x28 /opt/devkitpro/devkitARM/bin/../lib/gcc/arm-none-eabi/13.2.0/../../../../arm-none-eabi/lib/libg.a(libc_a-strtod.o)
 .rodata.__gethex.str1.4
                0x020f5228       0x5c /opt/devkitpro/devkitARM/bin/../lib/gcc/arm-none-eabi/13.2.0/../../../../arm-none-eabi/lib/libg.a(libc_a-gdtoa-gethex.o)
 .rodata.__hexdig
                0x020f5228      0x100 /opt/devkitpro/devkitARM/bin/../lib/gcc/arm-none-eabi/13.2.0/../../../../arm-none-eabi/lib/libg.a(libc_a-gdtoa-gethex.o)
                0x020f5228                __hexdig
 .rodata._dtoa_r.str1.4
                0x020f5328       0x64 /opt/devkitpro/devkitARM/bin/../lib/gcc/arm-none-eabi/13.2.0/../../../../arm-none-eabi/lib/libg.a(libc_a-dtoa.o)
 .rodata._svfprintf_r.str1.1
                0x020f5328       0x3b /opt/devkitpro/devkitARM/bin/../lib/gcc/arm-none-eabi/13.2.0/../../../../arm-none-eabi/lib/libg.a(libc_a-svfprintf.o)
 .rodata.zeroes.0
                0x020f5328       0x10 /opt/devkitpro/devkitARM/bin/../lib/gcc/arm-none-eabi/13.2.0/../../../../arm-none-eabi/lib/libg.a(libc_a-svfprintf.o)
 .rodata.blanks.1
                0x020f5338       0x10 /opt/devkitpro/devkitARM/bin/../lib/gcc/arm-none-eabi/13.2.0/../../../../arm-none-eabi/lib/libg.a(libc_a-svfprintf.o)
 .rodata.__multadd.str1.4
                0x020f5348       0x51 /opt/devkitpro/devkitARM/bin/../lib/gcc/arm-none-eabi/13.2.0/../../../../arm-none-eabi/lib/libg.a(libc_a-mprec.o)
 .rodata.p05.0  0x020f5348        0xc /opt/devkitpro/devkitARM/bin/../lib/gcc/arm-none-eabi/13.2.0/../../../../arm-none-eabi/lib/libg.a(libc_a-mprec.o)
 *fill*         0x020f5354        0x4 ff
 .rodata.__mprec_bigtens
                0x020f5358       0x28 /opt/devkitpro/devkitARM/bin/../lib/gcc/arm-none-eabi/13.2.0/../../../../arm-none-eabi/lib/libg.a(libc_a-mprec.o)
                0x020f5358                __mprec_bigtens
 .rodata.__mprec_tens
                0x020f5380       0xc8 /opt/devkitpro/devkitARM/bin/../lib/gcc/arm-none-eabi/13.2.0/../../../../arm-none-eabi/lib/libg.a(libc_a-mprec.o)
                0x020f5380                __mprec_tens
 .rodata.__assert_func.str1.4
                0x020f5448       0x43 /opt/devkitpro/devkitARM/bin/../lib/gcc/arm-none-eabi/13.2.0/../../../../arm-none-eabi/lib/libg.a(libc_a-assert.o)
 .rodata.AddDevice.str1.4
                0x020f5448        0x8 /opt/devkitpro/devkitARM/bin/../lib/gcc/arm-none-eabi/13.2.0/../../../../arm-none-eabi/lib/libsysbase.a(libsysbase_libsysbase_a-iosupport.o)
 .rodata.dotab_stdnull
                0x020f5448       0x80 /opt/devkitpro/devkitARM/bin/../lib/gcc/arm-none-eabi/13.2.0/../../../../arm-none-eabi/lib/libsysbase.a(libsysbase_libsysbase_a-iosupport.o)
                0x020f5448                dotab_stdnull
 *(EXCLUDE_FILE(*.twl*) .gnu.linkonce.r*)
                0x020f54c8                        . = ALIGN (0x4)

.ARM.extab
 *(.ARM.extab* .gnu.linkonce.armextab.*)
                0x020f54c8                        __exidx_start = .

ARM.exidx
 *(.ARM.exidx* .gnu.linkonce.armexidx.*)
                0x020f54c8                        __exidx_end = .
                0x020f54c8                        . = ALIGN (0x4)
                0x020f54c8                        PROVIDE (__preinit_array_start = .)

.preinit_array
 *(.preinit_array)
                0x020f54c8                        PROVIDE (__preinit_array_end = .)
                0x020f54c8                        PROVIDE (__init_array_start = .)

.init_array     0x020f54c8        0x4
 *(SORT_BY_NAME(.init_array.*))
 *(.init_array)
 .init_array    0x020f54c8        0x4 /opt/devkitpro/devkitARM/bin/../lib/gcc/arm-none-eabi/13.2.0/crtbegin.o
                0x020f54cc                        PROVIDE (__init_array_end = .)
                [!provide]                        PROVIDE (__fini_array_start = .)

.fini_array     0x020f54cc        0x4
 *(.fini_array)
 .fini_array    0x020f54cc        0x4 /opt/devkitpro/devkitARM/bin/../lib/gcc/arm-none-eabi/13.2.0/crtbegin.o
 *(SORT_BY_NAME(.fini_array.*))
                [!provide]                        PROVIDE (__fini_array_end = .)

.ctors          0x020f54d0        0x0
 *crtbegin.o(.ctors)
 *(EXCLUDE_FILE(*crtend.o) .ctors)
 *(SORT_BY_NAME(.ctors.*))
 *(.ctors)
                0x020f54d0                        . = ALIGN (0x4)

.dtors          0x020f54d0        0x0
 *crtbegin.o(.dtors)
 *(EXCLUDE_FILE(*crtend.o) .dtors)
 *(SORT_BY_NAME(.dtors.*))
 *(.dtors)
                0x020f54d0                        . = ALIGN (0x4)

.eh_frame       0x020f54d0        0x4
 *(.eh_frame)
 .eh_frame      0x020f54d0        0x0 /opt/devkitpro/devkitARM/bin/../lib/gcc/arm-none-eabi/13.2.0/crtbegin.o
 .eh_frame      0x020f54d0        0x4 /opt/devkitpro/devkitARM/bin/../lib/gcc/arm-none-eabi/13.2.0/crtend.o
                0x020f54d4                        . = ALIGN (0x4)

.gcc_except_table
                0x020f54d4        0x0
 *(.gcc_except_table)
                0x020f54d4                        . = ALIGN (0x4)

.jcr
 *(.jcr)

.got
 *(.got.plt)
 *(.got)
 *(.rel.got)

.ewram          0x020f54d4        0x0
                0x020f54d4                        __ewram_start = ABSOLUTE (.)
 *(.ewram)
 *ewram.*(.text)
                0x020f54d4                        . = ALIGN (0x4)

.data           0x020f54d4     0x256c
                0x020f54d4                        __data_start = ABSOLUTE (.)
 *(EXCLUDE_FILE(*.twl*) .data)
 .data          0x020f54d4       0xc4 P_Map16x16.o
                0x020f54d8                fullTile
                0x020f5518                bombTile
                0x020f5558                overTile
 .data          0x020f5598       0x18 P_GameLogic.o
                0x020f559c                netX
                0x020f55a0                netY
                0x020f55a4                gameRunning
 .data          0x020f55b0       0x28 /opt/devkitpro/libnds/lib/libnds9.a(mpu_setup.o)
 *(EXCLUDE_FILE(*.twl*) .data.*)
 .data.currentConsole
                0x020f55d8        0x4 /opt/devkitpro/libnds/lib/libnds9.a(console.o)
                0x020f55d8                currentConsole
 .data.defaultConsole
                0x020f55dc       0x5c /opt/devkitpro/libnds/lib/libnds9.a(console.o)
                0x020f55dc                defaultConsole
 .data.firstConsoleInit.0
                0x020f5638        0x1 /opt/devkitpro/libnds/lib/libnds9.a(console.o)
 *fill*         0x020f5639        0x3 ff
 .data.oamMain  0x020f563c       0x18 /opt/devkitpro/libnds/lib/libnds9.a(sprite.o)
                0x020f563c                oamMain
 .data.count    0x020f5654        0x1 /opt/devkitpro/libnds/lib/libnds9.a(keys.o)
 .data.delay    0x020f5655        0x1 /opt/devkitpro/libnds/lib/libnds9.a(keys.o)
 .data.repeat   0x020f5656        0x1 /opt/devkitpro/libnds/lib/libnds9.a(keys.o)
 *fill*         0x020f5657        0x1 ff
 .data.fifo_buffer_free
                0x020f5658        0x4 /opt/devkitpro/libnds/lib/libnds9.a(fifosystem.o)
                0x020f5658                fifo_buffer_free
 .data.fifo_freewords
                0x020f565c        0x4 /opt/devkitpro/libnds/lib/libnds9.a(fifosystem.o)
                0x020f565c                fifo_freewords
 .data.fifo_receive_queue